<?xml version="1.0" encoding="ISO-8859-1" ?>
<link_info>
   <banner>TI ARM Linker PC v20.2.7.LTS</banner>
   <copyright>Copyright (c) 1996-2018 Texas Instruments Incorporated</copyright>
   <link_time>0x65be69f7</link_time>
   <link_errors>0x0</link_errors>
   <output_file>Bike-Computer.out</output_file>
   <entry_point>
      <name>_c_int00_noargs</name>
      <address>0xa335</address>
   </entry_point>
   <input_file_list>
      <input_file id="fl-2">
         <path>.\</path>
         <kind>object</kind>
         <file>DMAModule.obj</file>
         <name>DMAModule.obj</name>
      </input_file>
      <input_file id="fl-3">
         <path>.\</path>
         <kind>object</kind>
         <file>GPS.obj</file>
         <name>GPS.obj</name>
      </input_file>
      <input_file id="fl-4">
         <path>.\</path>
         <kind>object</kind>
         <file>GPX.obj</file>
         <name>GPX.obj</name>
      </input_file>
      <input_file id="fl-5">
         <path>.\</path>
         <kind>object</kind>
         <file>adc.obj</file>
         <name>adc.obj</name>
      </input_file>
      <input_file id="fl-6">
         <path>.\</path>
         <kind>object</kind>
         <file>main.obj</file>
         <name>main.obj</name>
      </input_file>
      <input_file id="fl-7">
         <path>.\</path>
         <kind>object</kind>
         <file>mainInterface.obj</file>
         <name>mainInterface.obj</name>
      </input_file>
      <input_file id="fl-8">
         <path>.\</path>
         <kind>object</kind>
         <file>startup_msp432p401r_ccs.obj</file>
         <name>startup_msp432p401r_ccs.obj</name>
      </input_file>
      <input_file id="fl-9">
         <path>.\</path>
         <kind>object</kind>
         <file>system_msp432p401r.obj</file>
         <name>system_msp432p401r.obj</name>
      </input_file>
      <input_file id="fl-a">
         <path>.\</path>
         <kind>object</kind>
         <file>temperature.obj</file>
         <name>temperature.obj</name>
      </input_file>
      <input_file id="fl-b">
         <path>.\Devices\</path>
         <kind>object</kind>
         <file>MSPIO.obj</file>
         <name>MSPIO.obj</name>
      </input_file>
      <input_file id="fl-c">
         <path>.\Hardware\</path>
         <kind>object</kind>
         <file>CS_Driver.obj</file>
         <name>CS_Driver.obj</name>
      </input_file>
      <input_file id="fl-d">
         <path>.\Hardware\</path>
         <kind>object</kind>
         <file>GPIO_Driver.obj</file>
         <name>GPIO_Driver.obj</name>
      </input_file>
      <input_file id="fl-e">
         <path>.\Hardware\</path>
         <kind>object</kind>
         <file>SD_Driver.obj</file>
         <name>SD_Driver.obj</name>
      </input_file>
      <input_file id="fl-f">
         <path>.\Hardware\</path>
         <kind>object</kind>
         <file>SPI_Driver.obj</file>
         <name>SPI_Driver.obj</name>
      </input_file>
      <input_file id="fl-10">
         <path>.\Hardware\</path>
         <kind>object</kind>
         <file>TIMERA_Driver.obj</file>
         <name>TIMERA_Driver.obj</name>
      </input_file>
      <input_file id="fl-11">
         <path>.\Hardware\</path>
         <kind>object</kind>
         <file>UART_Driver.obj</file>
         <name>UART_Driver.obj</name>
      </input_file>
      <input_file id="fl-12">
         <path>.\LcdDriver\</path>
         <kind>object</kind>
         <file>Crystalfontz128x128_ST7735.obj</file>
         <name>Crystalfontz128x128_ST7735.obj</name>
      </input_file>
      <input_file id="fl-13">
         <path>.\LcdDriver\</path>
         <kind>object</kind>
         <file>HAL_MSP_EXP432P401R_Crystalfontz128x128_ST7735.obj</file>
         <name>HAL_MSP_EXP432P401R_Crystalfontz128x128_ST7735.obj</name>
      </input_file>
      <input_file id="fl-14">
         <path>.\fatfs\</path>
         <kind>object</kind>
         <file>diskio.obj</file>
         <name>diskio.obj</name>
      </input_file>
      <input_file id="fl-15">
         <path>.\fatfs\</path>
         <kind>object</kind>
         <file>ff.obj</file>
         <name>ff.obj</name>
      </input_file>
      <input_file id="fl-16">
         <path>.\fatfs\</path>
         <kind>object</kind>
         <file>ffsystem.obj</file>
         <name>ffsystem.obj</name>
      </input_file>
      <input_file id="fl-17">
         <path>.\fatfs\</path>
         <kind>object</kind>
         <file>ffunicode.obj</file>
         <name>ffunicode.obj</name>
      </input_file>
      <input_file id="fl-18">
         <path>.\fatfs\</path>
         <kind>object</kind>
         <file>mmc_MSP432P401r.obj</file>
         <name>mmc_MSP432P401r.obj</name>
      </input_file>
      <input_file id="fl-1e">
         <kind>object</kind>
         <file>&lt;internal&gt;</file>
         <name>&lt;internal&gt;</name>
      </input_file>
      <input_file id="fl-d4">
         <path>C:\ti\ccs1250\ccs\tools\compiler\ti-cgt-arm_20.2.7.LTS\lib\</path>
         <kind>archive</kind>
         <file>rtsv7M4_T_le_v4SPD16_eabi.lib</file>
         <name>snprintf.c.obj</name>
      </input_file>
      <input_file id="fl-d5">
         <path>C:\ti\ccs1250\ccs\tools\compiler\ti-cgt-arm_20.2.7.LTS\lib\</path>
         <kind>archive</kind>
         <file>rtsv7M4_T_le_v4SPD16_eabi.lib</file>
         <name>fd_add_t2.asm.obj</name>
      </input_file>
      <input_file id="fl-d6">
         <path>C:\ti\ccs1250\ccs\tools\compiler\ti-cgt-arm_20.2.7.LTS\lib\</path>
         <kind>archive</kind>
         <file>rtsv7M4_T_le_v4SPD16_eabi.lib</file>
         <name>fd_div_t2.asm.obj</name>
      </input_file>
      <input_file id="fl-d7">
         <path>C:\ti\ccs1250\ccs\tools\compiler\ti-cgt-arm_20.2.7.LTS\lib\</path>
         <kind>archive</kind>
         <file>rtsv7M4_T_le_v4SPD16_eabi.lib</file>
         <name>fd_mul_t2.asm.obj</name>
      </input_file>
      <input_file id="fl-d8">
         <path>C:\ti\ccs1250\ccs\tools\compiler\ti-cgt-arm_20.2.7.LTS\lib\</path>
         <kind>archive</kind>
         <file>rtsv7M4_T_le_v4SPD16_eabi.lib</file>
         <name>fd_tos_t2.asm.obj</name>
      </input_file>
      <input_file id="fl-d9">
         <path>C:\ti\ccs1250\ccs\tools\compiler\ti-cgt-arm_20.2.7.LTS\lib\</path>
         <kind>archive</kind>
         <file>rtsv7M4_T_le_v4SPD16_eabi.lib</file>
         <name>fs_tod_t2.asm.obj</name>
      </input_file>
      <input_file id="fl-da">
         <path>C:\ti\ccs1250\ccs\tools\compiler\ti-cgt-arm_20.2.7.LTS\lib\</path>
         <kind>archive</kind>
         <file>rtsv7M4_T_le_v4SPD16_eabi.lib</file>
         <name>memcpy_t2.asm.obj</name>
      </input_file>
      <input_file id="fl-db">
         <path>C:\ti\ccs1250\ccs\tools\compiler\ti-cgt-arm_20.2.7.LTS\lib\</path>
         <kind>archive</kind>
         <file>rtsv7M4_T_le_v4SPD16_eabi.lib</file>
         <name>memset_t2.asm.obj</name>
      </input_file>
      <input_file id="fl-dc">
         <path>C:\ti\ccs1250\ccs\tools\compiler\ti-cgt-arm_20.2.7.LTS\lib\</path>
         <kind>archive</kind>
         <file>rtsv7M4_T_le_v4SPD16_eabi.lib</file>
         <name>copy_zero_init.c.obj</name>
      </input_file>
      <input_file id="fl-dd">
         <path>C:\ti\ccs1250\ccs\tools\compiler\ti-cgt-arm_20.2.7.LTS\lib\</path>
         <kind>archive</kind>
         <file>rtsv7M4_T_le_v4SPD16_eabi.lib</file>
         <name>copy_decompress_none.c.obj</name>
      </input_file>
      <input_file id="fl-de">
         <path>C:\ti\ccs1250\ccs\tools\compiler\ti-cgt-arm_20.2.7.LTS\lib\</path>
         <kind>archive</kind>
         <file>rtsv7M4_T_le_v4SPD16_eabi.lib</file>
         <name>copy_decompress_lzss.c.obj</name>
      </input_file>
      <input_file id="fl-df">
         <path>C:\ti\ccs1250\ccs\tools\compiler\ti-cgt-arm_20.2.7.LTS\lib\</path>
         <kind>archive</kind>
         <file>rtsv7M4_T_le_v4SPD16_eabi.lib</file>
         <name>atof.c.obj</name>
      </input_file>
      <input_file id="fl-e0">
         <path>C:\ti\ccs1250\ccs\tools\compiler\ti-cgt-arm_20.2.7.LTS\lib\</path>
         <kind>archive</kind>
         <file>rtsv7M4_T_le_v4SPD16_eabi.lib</file>
         <name>atoi.c.obj</name>
      </input_file>
      <input_file id="fl-e1">
         <path>C:\ti\ccs1250\ccs\tools\compiler\ti-cgt-arm_20.2.7.LTS\lib\</path>
         <kind>archive</kind>
         <file>rtsv7M4_T_le_v4SPD16_eabi.lib</file>
         <name>ctype.c.obj</name>
      </input_file>
      <input_file id="fl-e2">
         <path>C:\ti\ccs1250\ccs\tools\compiler\ti-cgt-arm_20.2.7.LTS\lib\</path>
         <kind>archive</kind>
         <file>rtsv7M4_T_le_v4SPD16_eabi.lib</file>
         <name>strchr.c.obj</name>
      </input_file>
      <input_file id="fl-e3">
         <path>C:\ti\ccs1250\ccs\tools\compiler\ti-cgt-arm_20.2.7.LTS\lib\</path>
         <kind>archive</kind>
         <file>rtsv7M4_T_le_v4SPD16_eabi.lib</file>
         <name>strcmp.c.obj</name>
      </input_file>
      <input_file id="fl-e4">
         <path>C:\ti\ccs1250\ccs\tools\compiler\ti-cgt-arm_20.2.7.LTS\lib\</path>
         <kind>archive</kind>
         <file>rtsv7M4_T_le_v4SPD16_eabi.lib</file>
         <name>strcpy.c.obj</name>
      </input_file>
      <input_file id="fl-e5">
         <path>C:\ti\ccs1250\ccs\tools\compiler\ti-cgt-arm_20.2.7.LTS\lib\</path>
         <kind>archive</kind>
         <file>rtsv7M4_T_le_v4SPD16_eabi.lib</file>
         <name>strtod.c.obj</name>
      </input_file>
      <input_file id="fl-e6">
         <path>C:\ti\ccs1250\ccs\tools\compiler\ti-cgt-arm_20.2.7.LTS\lib\</path>
         <kind>archive</kind>
         <file>rtsv7M4_T_le_v4SPD16_eabi.lib</file>
         <name>strtok.c.obj</name>
      </input_file>
      <input_file id="fl-e7">
         <path>C:\ti\ccs1250\ccs\tools\compiler\ti-cgt-arm_20.2.7.LTS\lib\</path>
         <kind>archive</kind>
         <file>rtsv7M4_T_le_v4SPD16_eabi.lib</file>
         <name>strtol.c.obj</name>
      </input_file>
      <input_file id="fl-e8">
         <path>C:\ti\ccs1250\ccs\tools\compiler\ti-cgt-arm_20.2.7.LTS\lib\</path>
         <kind>archive</kind>
         <file>rtsv7M4_T_le_v4SPD16_eabi.lib</file>
         <name>boot_cortex_m.c.obj</name>
      </input_file>
      <input_file id="fl-e9">
         <path>C:\ti\ccs1250\ccs\tools\compiler\ti-cgt-arm_20.2.7.LTS\lib\</path>
         <kind>archive</kind>
         <file>rtsv7M4_T_le_v4SPD16_eabi.lib</file>
         <name>errno.c.obj</name>
      </input_file>
      <input_file id="fl-ea">
         <path>C:\ti\ccs1250\ccs\tools\compiler\ti-cgt-arm_20.2.7.LTS\lib\</path>
         <kind>archive</kind>
         <file>rtsv7M4_T_le_v4SPD16_eabi.lib</file>
         <name>s_scalbn.c.obj</name>
      </input_file>
      <input_file id="fl-eb">
         <path>C:\ti\ccs1250\ccs\tools\compiler\ti-cgt-arm_20.2.7.LTS\lib\</path>
         <kind>archive</kind>
         <file>rtsv7M4_T_le_v4SPD16_eabi.lib</file>
         <name>_printfi.c.obj</name>
      </input_file>
      <input_file id="fl-ec">
         <path>C:\ti\ccs1250\ccs\tools\compiler\ti-cgt-arm_20.2.7.LTS\lib\</path>
         <kind>archive</kind>
         <file>rtsv7M4_T_le_v4SPD16_eabi.lib</file>
         <name>fd_cmp_t2.asm.obj</name>
      </input_file>
      <input_file id="fl-ed">
         <path>C:\ti\ccs1250\ccs\tools\compiler\ti-cgt-arm_20.2.7.LTS\lib\</path>
         <kind>archive</kind>
         <file>rtsv7M4_T_le_v4SPD16_eabi.lib</file>
         <name>fd_toi_t2.asm.obj</name>
      </input_file>
      <input_file id="fl-ee">
         <path>C:\ti\ccs1250\ccs\tools\compiler\ti-cgt-arm_20.2.7.LTS\lib\</path>
         <kind>archive</kind>
         <file>rtsv7M4_T_le_v4SPD16_eabi.lib</file>
         <name>i_tofd_t2.asm.obj</name>
      </input_file>
      <input_file id="fl-ef">
         <path>C:\ti\ccs1250\ccs\tools\compiler\ti-cgt-arm_20.2.7.LTS\lib\</path>
         <kind>archive</kind>
         <file>rtsv7M4_T_le_v4SPD16_eabi.lib</file>
         <name>ull_div_t2.asm.obj</name>
      </input_file>
      <input_file id="fl-f0">
         <path>C:\ti\ccs1250\ccs\tools\compiler\ti-cgt-arm_20.2.7.LTS\lib\</path>
         <kind>archive</kind>
         <file>rtsv7M4_T_le_v4SPD16_eabi.lib</file>
         <name>autoinit.c.obj</name>
      </input_file>
      <input_file id="fl-f1">
         <path>C:\ti\ccs1250\ccs\tools\compiler\ti-cgt-arm_20.2.7.LTS\lib\</path>
         <kind>archive</kind>
         <file>rtsv7M4_T_le_v4SPD16_eabi.lib</file>
         <name>pre_init.c.obj</name>
      </input_file>
      <input_file id="fl-f2">
         <path>C:\ti\ccs1250\ccs\tools\compiler\ti-cgt-arm_20.2.7.LTS\lib\</path>
         <kind>archive</kind>
         <file>rtsv7M4_T_le_v4SPD16_eabi.lib</file>
         <name>cpy_tbl.c.obj</name>
      </input_file>
      <input_file id="fl-f3">
         <path>C:\ti\ccs1250\ccs\tools\compiler\ti-cgt-arm_20.2.7.LTS\lib\</path>
         <kind>archive</kind>
         <file>rtsv7M4_T_le_v4SPD16_eabi.lib</file>
         <name>exit.c.obj</name>
      </input_file>
      <input_file id="fl-f4">
         <path>C:\ti\ccs1250\ccs\tools\compiler\ti-cgt-arm_20.2.7.LTS\lib\</path>
         <kind>archive</kind>
         <file>rtsv7M4_T_le_v4SPD16_eabi.lib</file>
         <name>_lock.c.obj</name>
      </input_file>
      <input_file id="fl-f5">
         <path>C:\ti\ccs1250\ccs\tools\compiler\ti-cgt-arm_20.2.7.LTS\lib\</path>
         <kind>archive</kind>
         <file>rtsv7M4_T_le_v4SPD16_eabi.lib</file>
         <name>_ltoa.c.obj</name>
      </input_file>
      <input_file id="fl-f6">
         <path>C:\ti\ccs1250\ccs\tools\compiler\ti-cgt-arm_20.2.7.LTS\lib\</path>
         <kind>archive</kind>
         <file>rtsv7M4_T_le_v4SPD16_eabi.lib</file>
         <name>args_main.c.obj</name>
      </input_file>
      <input_file id="fl-f7">
         <path>C:\ti\ccs1250\ccs\tools\compiler\ti-cgt-arm_20.2.7.LTS\lib\</path>
         <kind>archive</kind>
         <file>rtsv7M4_T_le_v4SPD16_eabi.lib</file>
         <name>memccpy.c.obj</name>
      </input_file>
      <input_file id="fl-f8">
         <path>C:\ti\ccs1250\ccs\tools\compiler\ti-cgt-arm_20.2.7.LTS\lib\</path>
         <kind>archive</kind>
         <file>rtsv7M4_T_le_v4SPD16_eabi.lib</file>
         <name>strcspn.c.obj</name>
      </input_file>
      <input_file id="fl-f9">
         <path>C:\ti\ccs1250\ccs\tools\compiler\ti-cgt-arm_20.2.7.LTS\lib\</path>
         <kind>archive</kind>
         <file>rtsv7M4_T_le_v4SPD16_eabi.lib</file>
         <name>strlen.c.obj</name>
      </input_file>
      <input_file id="fl-fa">
         <path>C:\ti\ccs1250\ccs\tools\compiler\ti-cgt-arm_20.2.7.LTS\lib\</path>
         <kind>archive</kind>
         <file>rtsv7M4_T_le_v4SPD16_eabi.lib</file>
         <name>strspn.c.obj</name>
      </input_file>
      <input_file id="fl-fb">
         <path>C:\ti\ccs1250\ccs\tools\compiler\ti-cgt-arm_20.2.7.LTS\lib\</path>
         <kind>archive</kind>
         <file>rtsv7M4_T_le_v4SPD16_eabi.lib</file>
         <name>wcslen.c.obj</name>
      </input_file>
      <input_file id="fl-fc">
         <path>C:\ti\ccs1250\ccs\tools\compiler\ti-cgt-arm_20.2.7.LTS\lib\</path>
         <kind>archive</kind>
         <file>rtsv7M4_T_le_v4SPD16_eabi.lib</file>
         <name>s_copysign.c.obj</name>
      </input_file>
      <input_file id="fl-fd">
         <path>C:\ti\ccs1250\ccs\tools\compiler\ti-cgt-arm_20.2.7.LTS\lib\</path>
         <kind>archive</kind>
         <file>rtsv7M4_T_le_v4SPD16_eabi.lib</file>
         <name>s_frexp.c.obj</name>
      </input_file>
      <input_file id="fl-fe">
         <path>C:\ti\ccs1250\ccs\tools\compiler\ti-cgt-arm_20.2.7.LTS\lib\</path>
         <kind>archive</kind>
         <file>rtsv7M4_T_le_v4SPD16_eabi.lib</file>
         <name>div0.asm.obj</name>
      </input_file>
      <input_file id="fl-ff">
         <path>C:\Users\User\simplelink_msp432p4_sdk_3_40_01_02\simplelink_msp432p4_sdk_3_40_01_02\source\ti\devices\msp432p4xx\driverlib\ccs\</path>
         <kind>archive</kind>
         <file>msp432p4xx_driverlib.lib</file>
         <name>adc14.o</name>
      </input_file>
      <input_file id="fl-100">
         <path>C:\Users\User\simplelink_msp432p4_sdk_3_40_01_02\simplelink_msp432p4_sdk_3_40_01_02\source\ti\devices\msp432p4xx\driverlib\ccs\</path>
         <kind>archive</kind>
         <file>msp432p4xx_driverlib.lib</file>
         <name>cs.o</name>
      </input_file>
      <input_file id="fl-101">
         <path>C:\Users\User\simplelink_msp432p4_sdk_3_40_01_02\simplelink_msp432p4_sdk_3_40_01_02\source\ti\devices\msp432p4xx\driverlib\ccs\</path>
         <kind>archive</kind>
         <file>msp432p4xx_driverlib.lib</file>
         <name>dma.o</name>
      </input_file>
      <input_file id="fl-102">
         <path>C:\Users\User\simplelink_msp432p4_sdk_3_40_01_02\simplelink_msp432p4_sdk_3_40_01_02\source\ti\devices\msp432p4xx\driverlib\ccs\</path>
         <kind>archive</kind>
         <file>msp432p4xx_driverlib.lib</file>
         <name>flash.o</name>
      </input_file>
      <input_file id="fl-103">
         <path>C:\Users\User\simplelink_msp432p4_sdk_3_40_01_02\simplelink_msp432p4_sdk_3_40_01_02\source\ti\devices\msp432p4xx\driverlib\ccs\</path>
         <kind>archive</kind>
         <file>msp432p4xx_driverlib.lib</file>
         <name>gpio.o</name>
      </input_file>
      <input_file id="fl-104">
         <path>C:\Users\User\simplelink_msp432p4_sdk_3_40_01_02\simplelink_msp432p4_sdk_3_40_01_02\source\ti\devices\msp432p4xx\driverlib\ccs\</path>
         <kind>archive</kind>
         <file>msp432p4xx_driverlib.lib</file>
         <name>interrupt.o</name>
      </input_file>
      <input_file id="fl-105">
         <path>C:\Users\User\simplelink_msp432p4_sdk_3_40_01_02\simplelink_msp432p4_sdk_3_40_01_02\source\ti\devices\msp432p4xx\driverlib\ccs\</path>
         <kind>archive</kind>
         <file>msp432p4xx_driverlib.lib</file>
         <name>pcm.o</name>
      </input_file>
      <input_file id="fl-106">
         <path>C:\Users\User\simplelink_msp432p4_sdk_3_40_01_02\simplelink_msp432p4_sdk_3_40_01_02\source\ti\devices\msp432p4xx\driverlib\ccs\</path>
         <kind>archive</kind>
         <file>msp432p4xx_driverlib.lib</file>
         <name>ref_a.o</name>
      </input_file>
      <input_file id="fl-107">
         <path>C:\Users\User\simplelink_msp432p4_sdk_3_40_01_02\simplelink_msp432p4_sdk_3_40_01_02\source\ti\devices\msp432p4xx\driverlib\ccs\</path>
         <kind>archive</kind>
         <file>msp432p4xx_driverlib.lib</file>
         <name>rtc_c.o</name>
      </input_file>
      <input_file id="fl-108">
         <path>C:\Users\User\simplelink_msp432p4_sdk_3_40_01_02\simplelink_msp432p4_sdk_3_40_01_02\source\ti\devices\msp432p4xx\driverlib\ccs\</path>
         <kind>archive</kind>
         <file>msp432p4xx_driverlib.lib</file>
         <name>spi.o</name>
      </input_file>
      <input_file id="fl-109">
         <path>C:\Users\User\simplelink_msp432p4_sdk_3_40_01_02\simplelink_msp432p4_sdk_3_40_01_02\source\ti\devices\msp432p4xx\driverlib\ccs\</path>
         <kind>archive</kind>
         <file>msp432p4xx_driverlib.lib</file>
         <name>sysctl.o</name>
      </input_file>
      <input_file id="fl-10a">
         <path>C:\Users\User\simplelink_msp432p4_sdk_3_40_01_02\simplelink_msp432p4_sdk_3_40_01_02\source\ti\devices\msp432p4xx\driverlib\ccs\</path>
         <kind>archive</kind>
         <file>msp432p4xx_driverlib.lib</file>
         <name>sysctl_a.o</name>
      </input_file>
      <input_file id="fl-10b">
         <path>C:\Users\User\simplelink_msp432p4_sdk_3_40_01_02\simplelink_msp432p4_sdk_3_40_01_02\source\ti\devices\msp432p4xx\driverlib\ccs\</path>
         <kind>archive</kind>
         <file>msp432p4xx_driverlib.lib</file>
         <name>uart.o</name>
      </input_file>
      <input_file id="fl-10c">
         <path>C:\Users\User\simplelink_msp432p4_sdk_3_40_01_02\simplelink_msp432p4_sdk_3_40_01_02\source\ti\devices\msp432p4xx\driverlib\ccs\</path>
         <kind>archive</kind>
         <file>msp432p4xx_driverlib.lib</file>
         <name>wdt_a.o</name>
      </input_file>
      <input_file id="fl-10d">
         <path>C:\Users\User\simplelink_msp432p4_sdk_3_40_01_02\simplelink_msp432p4_sdk_3_40_01_02\source\ti\devices\msp432p4xx\driverlib\ccs\</path>
         <kind>archive</kind>
         <file>msp432p4xx_driverlib.lib</file>
         <name>cpu.o</name>
      </input_file>
      <input_file id="fl-10e">
         <path>C:\Users\User\simplelink_msp432p4_sdk_3_40_01_02\simplelink_msp432p4_sdk_3_40_01_02\source\ti\grlib\lib\ccs\m4f\</path>
         <kind>archive</kind>
         <file>grlib.a</file>
         <name>context.obj</name>
      </input_file>
      <input_file id="fl-10f">
         <path>C:\Users\User\simplelink_msp432p4_sdk_3_40_01_02\simplelink_msp432p4_sdk_3_40_01_02\source\ti\grlib\lib\ccs\m4f\</path>
         <kind>archive</kind>
         <file>grlib.a</file>
         <name>display.obj</name>
      </input_file>
      <input_file id="fl-110">
         <path>C:\Users\User\simplelink_msp432p4_sdk_3_40_01_02\simplelink_msp432p4_sdk_3_40_01_02\source\ti\grlib\lib\ccs\m4f\</path>
         <kind>archive</kind>
         <file>grlib.a</file>
         <name>fontcmtt24.obj</name>
      </input_file>
      <input_file id="fl-111">
         <path>C:\Users\User\simplelink_msp432p4_sdk_3_40_01_02\simplelink_msp432p4_sdk_3_40_01_02\source\ti\grlib\lib\ccs\m4f\</path>
         <kind>archive</kind>
         <file>grlib.a</file>
         <name>fontfixed6x8.obj</name>
      </input_file>
      <input_file id="fl-112">
         <path>C:\Users\User\simplelink_msp432p4_sdk_3_40_01_02\simplelink_msp432p4_sdk_3_40_01_02\source\ti\grlib\lib\ccs\m4f\</path>
         <kind>archive</kind>
         <file>grlib.a</file>
         <name>rectangle.obj</name>
      </input_file>
      <input_file id="fl-113">
         <path>C:\Users\User\simplelink_msp432p4_sdk_3_40_01_02\simplelink_msp432p4_sdk_3_40_01_02\source\ti\grlib\lib\ccs\m4f\</path>
         <kind>archive</kind>
         <file>grlib.a</file>
         <name>string.obj</name>
      </input_file>
      <input_file id="fl-114">
         <path>C:\Users\User\simplelink_msp432p4_sdk_3_40_01_02\simplelink_msp432p4_sdk_3_40_01_02\source\ti\grlib\lib\ccs\m4f\</path>
         <kind>archive</kind>
         <file>grlib.a</file>
         <name>line.obj</name>
      </input_file>
   </input_file_list>
   <object_component_list>
      <object_component id="oc-26">
         <name>.intvecs:retain</name>
         <load_address>0x0</load_address>
         <run_address>0x0</run_address>
         <size>0xe4</size>
         <input_file_ref idref="fl-8"/>
      </object_component>
      <object_component id="oc-106">
         <name>.text</name>
         <load_address>0xe4</load_address>
         <run_address>0xe4</run_address>
         <size>0x2dcc</size>
         <input_file_ref idref="fl-15"/>
      </object_component>
      <object_component id="oc-10c">
         <name>.text</name>
         <load_address>0x2eb0</load_address>
         <run_address>0x2eb0</run_address>
         <size>0x1188</size>
         <input_file_ref idref="fl-7"/>
      </object_component>
      <object_component id="oc-381">
         <name>.text:__TI_printfi</name>
         <load_address>0x4038</load_address>
         <run_address>0x4038</run_address>
         <size>0xa4e</size>
         <input_file_ref idref="fl-eb"/>
      </object_component>
      <object_component id="oc-6ec">
         <name>.text</name>
         <load_address>0x4a86</load_address>
         <run_address>0x4a86</run_address>
         <size>0x2</size>
         <input_file_ref idref="fl-fe"/>
      </object_component>
      <object_component id="oc-7f">
         <name>.text</name>
         <load_address>0x4a88</load_address>
         <run_address>0x4a88</run_address>
         <size>0x9f4</size>
         <input_file_ref idref="fl-3"/>
      </object_component>
      <object_component id="oc-297">
         <name>.text</name>
         <load_address>0x547c</load_address>
         <run_address>0x547c</run_address>
         <size>0x814</size>
         <input_file_ref idref="fl-18"/>
      </object_component>
      <object_component id="oc-2ce">
         <name>.text</name>
         <load_address>0x5c90</load_address>
         <run_address>0x5c90</run_address>
         <size>0x684</size>
         <input_file_ref idref="fl-12"/>
      </object_component>
      <object_component id="oc-79">
         <name>.text</name>
         <load_address>0x6314</load_address>
         <run_address>0x6314</run_address>
         <size>0x514</size>
         <input_file_ref idref="fl-6"/>
      </object_component>
      <object_component id="oc-2f8">
         <name>.text:Graphics_drawString</name>
         <load_address>0x6828</load_address>
         <run_address>0x6828</run_address>
         <size>0x47e</size>
         <input_file_ref idref="fl-113"/>
      </object_component>
      <object_component id="oc-413">
         <name>.text:strtod</name>
         <load_address>0x6ca8</load_address>
         <run_address>0x6ca8</run_address>
         <size>0x460</size>
         <input_file_ref idref="fl-e5"/>
      </object_component>
      <object_component id="oc-b7">
         <name>.text</name>
         <load_address>0x7108</load_address>
         <run_address>0x7108</run_address>
         <size>0x334</size>
         <input_file_ref idref="fl-9"/>
      </object_component>
      <object_component id="oc-73">
         <name>.text</name>
         <load_address>0x743c</load_address>
         <run_address>0x743c</run_address>
         <size>0x2e0</size>
         <input_file_ref idref="fl-11"/>
      </object_component>
      <object_component id="oc-550">
         <name>.text:_pconv_a</name>
         <load_address>0x771c</load_address>
         <run_address>0x771c</run_address>
         <size>0x270</size>
         <input_file_ref idref="fl-eb"/>
      </object_component>
      <object_component id="oc-53e">
         <name>.text:_pconv_g</name>
         <load_address>0x798c</load_address>
         <run_address>0x798c</run_address>
         <size>0x1d0</size>
         <input_file_ref idref="fl-eb"/>
      </object_component>
      <object_component id="oc-1b3">
         <name>.text</name>
         <load_address>0x7b5c</load_address>
         <run_address>0x7b5c</run_address>
         <size>0x1b6</size>
         <input_file_ref idref="fl-d5"/>
      </object_component>
      <object_component id="oc-3e9">
         <name>.text:_getIndexForMemRegister</name>
         <load_address>0x7d14</load_address>
         <run_address>0x7d14</run_address>
         <size>0x160</size>
         <input_file_ref idref="fl-ff"/>
      </object_component>
      <object_component id="oc-6cc">
         <name>.text:__PCM_setPowerModeAdvanced</name>
         <load_address>0x7e74</load_address>
         <run_address>0x7e74</run_address>
         <size>0x15c</size>
         <input_file_ref idref="fl-105"/>
      </object_component>
      <object_component id="oc-124">
         <name>.text</name>
         <load_address>0x7fd0</load_address>
         <run_address>0x7fd0</run_address>
         <size>0x154</size>
         <input_file_ref idref="fl-4"/>
      </object_component>
      <object_component id="oc-54a">
         <name>.text:_pconv_e</name>
         <load_address>0x8124</load_address>
         <run_address>0x8124</run_address>
         <size>0x13c</size>
         <input_file_ref idref="fl-eb"/>
      </object_component>
      <object_component id="oc-1ae">
         <name>.text</name>
         <load_address>0x8260</load_address>
         <run_address>0x8260</run_address>
         <size>0x136</size>
         <input_file_ref idref="fl-d6"/>
      </object_component>
      <object_component id="oc-19c">
         <name>.text:strtol</name>
         <load_address>0x8398</load_address>
         <run_address>0x8398</run_address>
         <size>0x130</size>
         <input_file_ref idref="fl-e7"/>
      </object_component>
      <object_component id="oc-2a9">
         <name>.text</name>
         <load_address>0x84c8</load_address>
         <run_address>0x84c8</run_address>
         <size>0x12a</size>
         <input_file_ref idref="fl-14"/>
      </object_component>
      <object_component id="oc-671">
         <name>.text:fcvt</name>
         <load_address>0x85f4</load_address>
         <run_address>0x85f4</run_address>
         <size>0x124</size>
         <input_file_ref idref="fl-eb"/>
      </object_component>
      <object_component id="oc-c8">
         <name>.text:UART_initModule</name>
         <load_address>0x8718</load_address>
         <run_address>0x8718</run_address>
         <size>0x11c</size>
         <input_file_ref idref="fl-10b"/>
      </object_component>
      <object_component id="oc-59b">
         <name>.text:scalbn</name>
         <load_address>0x8834</load_address>
         <run_address>0x8834</run_address>
         <size>0x110</size>
         <input_file_ref idref="fl-ea"/>
      </object_component>
      <object_component id="oc-476">
         <name>.text:__PCM_setCoreVoltageLevelAdvanced</name>
         <load_address>0x8944</load_address>
         <run_address>0x8944</run_address>
         <size>0x108</size>
         <input_file_ref idref="fl-105"/>
      </object_component>
      <object_component id="oc-6d">
         <name>.text</name>
         <load_address>0x8a4c</load_address>
         <run_address>0x8a4c</run_address>
         <size>0xfc</size>
         <input_file_ref idref="fl-10"/>
      </object_component>
      <object_component id="oc-324">
         <name>.text</name>
         <load_address>0x8b48</load_address>
         <run_address>0x8b48</run_address>
         <size>0xfc</size>
         <input_file_ref idref="fl-d7"/>
      </object_component>
      <object_component id="oc-4f1">
         <name>.text:Graphics_getStringWidth</name>
         <load_address>0x8c44</load_address>
         <run_address>0x8c44</run_address>
         <size>0xfa</size>
         <input_file_ref idref="fl-113"/>
      </object_component>
      <object_component id="oc-190">
         <name>.text:DMA_setChannelTransfer</name>
         <load_address>0x8d40</load_address>
         <run_address>0x8d40</run_address>
         <size>0xf0</size>
         <input_file_ref idref="fl-101"/>
      </object_component>
      <object_component id="oc-ee">
         <name>.text</name>
         <load_address>0x8e30</load_address>
         <run_address>0x8e30</run_address>
         <size>0xd0</size>
         <input_file_ref idref="fl-f"/>
      </object_component>
      <object_component id="oc-342">
         <name>.text:ADC14_configureConversionMemory</name>
         <load_address>0x8f00</load_address>
         <run_address>0x8f00</run_address>
         <size>0xb4</size>
         <input_file_ref idref="fl-ff"/>
      </object_component>
      <object_component id="oc-33c">
         <name>.text:ADC14_configureMultiSequenceMode</name>
         <load_address>0x8fb4</load_address>
         <run_address>0x8fb4</run_address>
         <size>0xb4</size>
         <input_file_ref idref="fl-ff"/>
      </object_component>
      <object_component id="oc-4a0">
         <name>.text</name>
         <load_address>0x9068</load_address>
         <run_address>0x9068</run_address>
         <size>0xb4</size>
         <input_file_ref idref="fl-13"/>
      </object_component>
      <object_component id="oc-533">
         <name>.text:_ltostr</name>
         <load_address>0x911c</load_address>
         <run_address>0x911c</run_address>
         <size>0xb1</size>
         <input_file_ref idref="fl-eb"/>
      </object_component>
      <object_component id="oc-281">
         <name>.text:SPI_initMaster</name>
         <load_address>0x91ce</load_address>
         <run_address>0x91ce</run_address>
         <size>0xb0</size>
         <input_file_ref idref="fl-108"/>
      </object_component>
      <object_component id="oc-2f2">
         <name>.text:Graphics_drawRectangle</name>
         <load_address>0x927e</load_address>
         <run_address>0x927e</run_address>
         <size>0xa2</size>
         <input_file_ref idref="fl-112"/>
      </object_component>
      <object_component id="oc-4d0">
         <name>.text:Graphics_drawLineH</name>
         <load_address>0x9320</load_address>
         <run_address>0x9320</run_address>
         <size>0x9c</size>
         <input_file_ref idref="fl-114"/>
      </object_component>
      <object_component id="oc-4d6">
         <name>.text:Graphics_drawLineV</name>
         <load_address>0x93bc</load_address>
         <run_address>0x93bc</run_address>
         <size>0x9c</size>
         <input_file_ref idref="fl-114"/>
      </object_component>
      <object_component id="oc-37">
         <name>.text</name>
         <load_address>0x9458</load_address>
         <run_address>0x9458</run_address>
         <size>0x9c</size>
         <input_file_ref idref="fl-da"/>
      </object_component>
      <object_component id="oc-648">
         <name>.text</name>
         <load_address>0x94f4</load_address>
         <run_address>0x94f4</run_address>
         <size>0x96</size>
         <input_file_ref idref="fl-ef"/>
      </object_component>
      <object_component id="oc-112">
         <name>.text</name>
         <load_address>0x958a</load_address>
         <run_address>0x958a</run_address>
         <size>0x90</size>
         <input_file_ref idref="fl-5"/>
      </object_component>
      <object_component id="oc-32a">
         <name>.text:GPIO_setAsPeripheralModuleFunctionInputPin</name>
         <load_address>0x961c</load_address>
         <run_address>0x961c</run_address>
         <size>0x88</size>
         <input_file_ref idref="fl-103"/>
      </object_component>
      <object_component id="oc-606">
         <name>.text:GPIO_setAsPeripheralModuleFunctionOutputPin</name>
         <load_address>0x96a4</load_address>
         <run_address>0x96a4</run_address>
         <size>0x88</size>
         <input_file_ref idref="fl-103"/>
      </object_component>
      <object_component id="oc-539">
         <name>.text:__aeabi_cdcmple</name>
         <load_address>0x972c</load_address>
         <run_address>0x972c</run_address>
         <size>0x86</size>
         <input_file_ref idref="fl-ec"/>
      </object_component>
      <object_component id="oc-64f">
         <name>.text:__aeabi_cdrcmple</name>
         <load_address>0x97b2</load_address>
         <run_address>0x97b2</run_address>
         <size>0x86</size>
         <input_file_ref idref="fl-ec"/>
      </object_component>
      <object_component id="oc-15f">
         <name>.text:Interrupt_disableInterrupt</name>
         <load_address>0x9838</load_address>
         <run_address>0x9838</run_address>
         <size>0x80</size>
         <input_file_ref idref="fl-104"/>
      </object_component>
      <object_component id="oc-130">
         <name>.text:Interrupt_enableInterrupt</name>
         <load_address>0x98b8</load_address>
         <run_address>0x98b8</run_address>
         <size>0x80</size>
         <input_file_ref idref="fl-104"/>
      </object_component>
      <object_component id="oc-9f">
         <name>.text</name>
         <load_address>0x9938</load_address>
         <run_address>0x9938</run_address>
         <size>0x7a</size>
         <input_file_ref idref="fl-db"/>
      </object_component>
      <object_component id="oc-66a">
         <name>.text:_mcpy</name>
         <load_address>0x99b2</load_address>
         <run_address>0x99b2</run_address>
         <size>0x6e</size>
         <input_file_ref idref="fl-eb"/>
      </object_component>
      <object_component id="oc-1b8">
         <name>.text</name>
         <load_address>0x9a20</load_address>
         <run_address>0x9a20</run_address>
         <size>0x6e</size>
         <input_file_ref idref="fl-d8"/>
      </object_component>
      <object_component id="oc-17">
         <name>.text:decompress:lzss:__TI_decompress_lzss</name>
         <load_address>0x9a8e</load_address>
         <run_address>0x9a8e</run_address>
         <size>0x68</size>
         <input_file_ref idref="fl-de"/>
      </object_component>
      <object_component id="oc-ce">
         <name>.text:UART_getEnabledInterruptStatus</name>
         <load_address>0x9af6</load_address>
         <run_address>0x9af6</run_address>
         <size>0x64</size>
         <input_file_ref idref="fl-10b"/>
      </object_component>
      <object_component id="oc-67f">
         <name>.text:frexp</name>
         <load_address>0x9b5c</load_address>
         <run_address>0x9b5c</run_address>
         <size>0x64</size>
         <input_file_ref idref="fl-fd"/>
      </object_component>
      <object_component id="oc-5e3">
         <name>.text:PCM_getCoreVoltageLevel</name>
         <load_address>0x9bc0</load_address>
         <run_address>0x9bc0</run_address>
         <size>0x5e</size>
         <input_file_ref idref="fl-105"/>
      </object_component>
      <object_component id="oc-5dd">
         <name>.text:PCM_getPowerMode</name>
         <load_address>0x9c1e</load_address>
         <run_address>0x9c1e</run_address>
         <size>0x5a</size>
         <input_file_ref idref="fl-105"/>
      </object_component>
      <object_component id="oc-544">
         <name>.text:_pconv_f</name>
         <load_address>0x9c78</load_address>
         <run_address>0x9c78</run_address>
         <size>0x56</size>
         <input_file_ref idref="fl-eb"/>
      </object_component>
      <object_component id="oc-336">
         <name>.text:ADC14_initModule</name>
         <load_address>0x9cd0</load_address>
         <run_address>0x9cd0</run_address>
         <size>0x54</size>
         <input_file_ref idref="fl-ff"/>
      </object_component>
      <object_component id="oc-28e">
         <name>.text</name>
         <load_address>0x9d24</load_address>
         <run_address>0x9d24</run_address>
         <size>0x54</size>
         <input_file_ref idref="fl-d"/>
      </object_component>
      <object_component id="oc-659">
         <name>.text:__TI_ltoa</name>
         <load_address>0x9d78</load_address>
         <run_address>0x9d78</run_address>
         <size>0x54</size>
         <input_file_ref idref="fl-f5"/>
      </object_component>
      <object_component id="oc-2d4">
         <name>.text:Graphics_initContext</name>
         <load_address>0x9dcc</load_address>
         <run_address>0x9dcc</run_address>
         <size>0x52</size>
         <input_file_ref idref="fl-10e"/>
      </object_component>
      <object_component id="oc-664">
         <name>.text:_ecpy</name>
         <load_address>0x9e1e</load_address>
         <run_address>0x9e1e</run_address>
         <size>0x52</size>
         <input_file_ref idref="fl-eb"/>
      </object_component>
      <object_component id="oc-118">
         <name>.text</name>
         <load_address>0x9e70</load_address>
         <run_address>0x9e70</run_address>
         <size>0x50</size>
         <input_file_ref idref="fl-a"/>
      </object_component>
      <object_component id="oc-1a2">
         <name>.text:atoi</name>
         <load_address>0x9ec0</load_address>
         <run_address>0x9ec0</run_address>
         <size>0x4c</size>
         <input_file_ref idref="fl-e0"/>
      </object_component>
      <object_component id="oc-11e">
         <name>.text:snprintf</name>
         <load_address>0x9f0c</load_address>
         <run_address>0x9f0c</run_address>
         <size>0x4c</size>
         <input_file_ref idref="fl-d4"/>
      </object_component>
      <object_component id="oc-26e">
         <name>.text:FlashCtl_setWaitState</name>
         <load_address>0x9f58</load_address>
         <run_address>0x9f58</run_address>
         <size>0x48</size>
         <input_file_ref idref="fl-102"/>
      </object_component>
      <object_component id="oc-2fe">
         <name>.text:Graphics_drawStringCentered</name>
         <load_address>0x9fa0</load_address>
         <run_address>0x9fa0</run_address>
         <size>0x48</size>
         <input_file_ref idref="fl-113"/>
      </object_component>
      <object_component id="oc-654">
         <name>.text</name>
         <load_address>0x9fe8</load_address>
         <run_address>0x9fe8</run_address>
         <size>0x48</size>
         <input_file_ref idref="fl-ed"/>
      </object_component>
      <object_component id="oc-205">
         <name>.text:__TI_auto_init_nobinit_nopinit:__TI_auto_init_nobinit_nopinit</name>
         <load_address>0xa030</load_address>
         <run_address>0xa030</run_address>
         <size>0x44</size>
         <input_file_ref idref="fl-f0"/>
      </object_component>
      <object_component id="oc-60c">
         <name>.text:GPIO_setAsOutputPin</name>
         <load_address>0xa074</load_address>
         <run_address>0xa074</run_address>
         <size>0x40</size>
         <input_file_ref idref="fl-103"/>
      </object_component>
      <object_component id="oc-4de">
         <name>.text:Graphics_getNumberOfLeadingZeros</name>
         <load_address>0xa0b4</load_address>
         <run_address>0xa0b4</run_address>
         <size>0x40</size>
         <input_file_ref idref="fl-113"/>
      </object_component>
      <object_component id="oc-47e">
         <name>.text:is_A_Module</name>
         <load_address>0xa0f4</load_address>
         <run_address>0xa0f4</run_address>
         <size>0x40</size>
         <input_file_ref idref="fl-108"/>
      </object_component>
      <object_component id="oc-1c0">
         <name>.text:strtok</name>
         <load_address>0xa134</load_address>
         <run_address>0xa134</run_address>
         <size>0x40</size>
         <input_file_ref idref="fl-e6"/>
      </object_component>
      <object_component id="oc-677">
         <name>.text:_fcpy</name>
         <load_address>0xa174</load_address>
         <run_address>0xa174</run_address>
         <size>0x3e</size>
         <input_file_ref idref="fl-eb"/>
      </object_component>
      <object_component id="oc-184">
         <name>.text:DMA_setChannelControl</name>
         <load_address>0xa1b4</load_address>
         <run_address>0xa1b4</run_address>
         <size>0x3c</size>
         <input_file_ref idref="fl-101"/>
      </object_component>
      <object_component id="oc-14d">
         <name>.text:ADC14_getEnabledInterruptStatus</name>
         <load_address>0xa1f0</load_address>
         <run_address>0xa1f0</run_address>
         <size>0x38</size>
         <input_file_ref idref="fl-ff"/>
      </object_component>
      <object_component id="oc-1cc">
         <name>.text</name>
         <load_address>0xa228</load_address>
         <run_address>0xa228</run_address>
         <size>0x38</size>
         <input_file_ref idref="fl-d9"/>
      </object_component>
      <object_component id="oc-622">
         <name>.text:Graphics_drawHorizontalLineOnDisplay</name>
         <load_address>0xa260</load_address>
         <run_address>0xa260</run_address>
         <size>0x36</size>
         <input_file_ref idref="fl-10f"/>
      </object_component>
      <object_component id="oc-62a">
         <name>.text:Graphics_drawVerticalLineOnDisplay</name>
         <load_address>0xa296</load_address>
         <run_address>0xa296</run_address>
         <size>0x36</size>
         <input_file_ref idref="fl-10f"/>
      </object_component>
      <object_component id="oc-34e">
         <name>.text:ADC14_enableSampleTimer</name>
         <load_address>0xa2cc</load_address>
         <run_address>0xa2cc</run_address>
         <size>0x34</size>
         <input_file_ref idref="fl-ff"/>
      </object_component>
      <object_component id="oc-27a">
         <name>.text:CS_setDCOCenteredFrequency</name>
         <load_address>0xa300</load_address>
         <run_address>0xa300</run_address>
         <size>0x34</size>
         <input_file_ref idref="fl-100"/>
      </object_component>
      <object_component id="oc-55">
         <name>.text:_c_int00_noargs:_c_int00_noargs</name>
         <load_address>0xa334</load_address>
         <run_address>0xa334</run_address>
         <size>0x34</size>
         <input_file_ref idref="fl-e8"/>
      </object_component>
      <object_component id="oc-153">
         <name>.text:ADC14_clearInterruptFlag</name>
         <load_address>0xa368</load_address>
         <run_address>0xa368</run_address>
         <size>0x30</size>
         <input_file_ref idref="fl-ff"/>
      </object_component>
      <object_component id="oc-354">
         <name>.text:ADC14_enableInterrupt</name>
         <load_address>0xa398</load_address>
         <run_address>0xa398</run_address>
         <size>0x30</size>
         <input_file_ref idref="fl-ff"/>
      </object_component>
      <object_component id="oc-348">
         <name>.text:ADC14_setSampleHoldTime</name>
         <load_address>0xa3c8</load_address>
         <run_address>0xa3c8</run_address>
         <size>0x30</size>
         <input_file_ref idref="fl-ff"/>
      </object_component>
      <object_component id="oc-387">
         <name>.text:_outs</name>
         <load_address>0xa3f8</load_address>
         <run_address>0xa3f8</run_address>
         <size>0x30</size>
         <input_file_ref idref="fl-d4"/>
      </object_component>
      <object_component id="oc-65f">
         <name>.text</name>
         <load_address>0xa428</load_address>
         <run_address>0xa428</run_address>
         <size>0x2e</size>
         <input_file_ref idref="fl-ee"/>
      </object_component>
      <object_component id="oc-3e1">
         <name>.text:ADC14_getInterruptStatus</name>
         <load_address>0xa458</load_address>
         <run_address>0xa458</run_address>
         <size>0x2c</size>
         <input_file_ref idref="fl-ff"/>
      </object_component>
      <object_component id="oc-360">
         <name>.text:ADC14_toggleConversionTrigger</name>
         <load_address>0xa484</load_address>
         <run_address>0xa484</run_address>
         <size>0x2c</size>
         <input_file_ref idref="fl-ff"/>
      </object_component>
      <object_component id="oc-4e4">
         <name>.text:Graphics_drawPixelOnDisplay</name>
         <load_address>0xa4b0</load_address>
         <run_address>0xa4b0</run_address>
         <size>0x2c</size>
         <input_file_ref idref="fl-10f"/>
      </object_component>
      <object_component id="oc-420">
         <name>.text:strspn</name>
         <load_address>0xa4dc</load_address>
         <run_address>0xa4dc</run_address>
         <size>0x2a</size>
         <input_file_ref idref="fl-fa"/>
      </object_component>
      <object_component id="oc-35a">
         <name>.text:ADC14_enableConversion</name>
         <load_address>0xa508</load_address>
         <run_address>0xa508</run_address>
         <size>0x28</size>
         <input_file_ref idref="fl-ff"/>
      </object_component>
      <object_component id="oc-159">
         <name>.text:ADC14_getResult</name>
         <load_address>0xa530</load_address>
         <run_address>0xa530</run_address>
         <size>0x28</size>
         <input_file_ref idref="fl-ff"/>
      </object_component>
      <object_component id="oc-4ac">
         <name>.text:GPIO_setOutputHighOnPin</name>
         <load_address>0xa558</load_address>
         <run_address>0xa558</run_address>
         <size>0x28</size>
         <input_file_ref idref="fl-103"/>
      </object_component>
      <object_component id="oc-4a6">
         <name>.text:GPIO_setOutputLowOnPin</name>
         <load_address>0xa580</load_address>
         <run_address>0xa580</run_address>
         <size>0x28</size>
         <input_file_ref idref="fl-103"/>
      </object_component>
      <object_component id="oc-f4">
         <name>.text</name>
         <load_address>0xa5a8</load_address>
         <run_address>0xa5a8</run_address>
         <size>0x24</size>
         <input_file_ref idref="fl-e"/>
      </object_component>
      <object_component id="oc-e2">
         <name>.text:WDT_A_holdTimer</name>
         <load_address>0xa5cc</load_address>
         <run_address>0xa5cc</run_address>
         <size>0x24</size>
         <input_file_ref idref="fl-10c"/>
      </object_component>
      <object_component id="oc-426">
         <name>.text:strcspn</name>
         <load_address>0xa5f0</load_address>
         <run_address>0xa5f0</run_address>
         <size>0x24</size>
         <input_file_ref idref="fl-f8"/>
      </object_component>
      <object_component id="oc-e8">
         <name>.text</name>
         <load_address>0xa614</load_address>
         <run_address>0xa614</run_address>
         <size>0x22</size>
         <input_file_ref idref="fl-c"/>
      </object_component>
      <object_component id="oc-fa">
         <name>.text</name>
         <load_address>0xa638</load_address>
         <run_address>0xa638</run_address>
         <size>0x20</size>
         <input_file_ref idref="fl-2"/>
      </object_component>
      <object_component id="oc-36d">
         <name>.text:REF_A_setReferenceVoltage</name>
         <load_address>0xa658</load_address>
         <run_address>0xa658</run_address>
         <size>0x20</size>
         <input_file_ref idref="fl-106"/>
      </object_component>
      <object_component id="oc-612">
         <name>.text:SPI_enableModule</name>
         <load_address>0xa678</load_address>
         <run_address>0xa678</run_address>
         <size>0x1c</size>
         <input_file_ref idref="fl-108"/>
      </object_component>
      <object_component id="oc-379">
         <name>.text:SysCtl_getTempCalibrationConstant</name>
         <load_address>0xa694</load_address>
         <run_address>0xa694</run_address>
         <size>0x1c</size>
         <input_file_ref idref="fl-109"/>
      </object_component>
      <object_component id="oc-556">
         <name>.text:memccpy</name>
         <load_address>0xa6b0</load_address>
         <run_address>0xa6b0</run_address>
         <size>0x1c</size>
         <input_file_ref idref="fl-f7"/>
      </object_component>
      <object_component id="oc-4c9">
         <name>.text:Graphics_clearDisplayOnDisplay</name>
         <load_address>0xa6cc</load_address>
         <run_address>0xa6cc</run_address>
         <size>0x1a</size>
         <input_file_ref idref="fl-10f"/>
      </object_component>
      <object_component id="oc-2e0">
         <name>.text:Graphics_setBackgroundColor</name>
         <load_address>0xa6e6</load_address>
         <run_address>0xa6e6</run_address>
         <size>0x1a</size>
         <input_file_ref idref="fl-10e"/>
      </object_component>
      <object_component id="oc-2e6">
         <name>.text:Graphics_setFont</name>
         <load_address>0xa700</load_address>
         <run_address>0xa700</run_address>
         <size>0x1a</size>
         <input_file_ref idref="fl-10e"/>
      </object_component>
      <object_component id="oc-6a5">
         <name>.text:copysign</name>
         <load_address>0xa71a</load_address>
         <run_address>0xa71a</run_address>
         <size>0x1a</size>
         <input_file_ref idref="fl-fc"/>
      </object_component>
      <object_component id="oc-25a">
         <name>.text:UART_getInterruptStatus</name>
         <load_address>0xa734</load_address>
         <run_address>0xa734</run_address>
         <size>0x18</size>
         <input_file_ref idref="fl-10b"/>
      </object_component>
      <object_component id="oc-38d">
         <name>.text:_outc</name>
         <load_address>0xa74c</load_address>
         <run_address>0xa74c</run_address>
         <size>0x18</size>
         <input_file_ref idref="fl-d4"/>
      </object_component>
      <object_component id="oc-1c6">
         <name>.text:strcmp</name>
         <load_address>0xa764</load_address>
         <run_address>0xa764</run_address>
         <size>0x18</size>
         <input_file_ref idref="fl-e3"/>
      </object_component>
      <object_component id="oc-6d5">
         <name>.text:EUSCI_A_SPI_enable</name>
         <load_address>0xa77c</load_address>
         <run_address>0xa77c</run_address>
         <size>0x16</size>
         <input_file_ref idref="fl-108"/>
      </object_component>
      <object_component id="oc-6db">
         <name>.text:EUSCI_B_SPI_enable</name>
         <load_address>0xa792</load_address>
         <run_address>0xa792</run_address>
         <size>0x16</size>
         <input_file_ref idref="fl-108"/>
      </object_component>
      <object_component id="oc-2da">
         <name>.text:Graphics_setForegroundColor</name>
         <load_address>0xa7a8</load_address>
         <run_address>0xa7a8</run_address>
         <size>0x16</size>
         <input_file_ref idref="fl-10e"/>
      </object_component>
      <object_component id="oc-4c0">
         <name>.text:Graphics_translateColorOnDisplay</name>
         <load_address>0xa7be</load_address>
         <run_address>0xa7be</run_address>
         <size>0x16</size>
         <input_file_ref idref="fl-10f"/>
      </object_component>
      <object_component id="oc-196">
         <name>.text:strchr</name>
         <load_address>0xa7d4</load_address>
         <run_address>0xa7d4</run_address>
         <size>0x16</size>
         <input_file_ref idref="fl-e2"/>
      </object_component>
      <object_component id="oc-5e9">
         <name>.text:PCM_getPowerState</name>
         <load_address>0xa7ec</load_address>
         <run_address>0xa7ec</run_address>
         <size>0x14</size>
         <input_file_ref idref="fl-105"/>
      </object_component>
      <object_component id="oc-1d1">
         <name>.text:strcpy</name>
         <load_address>0xa800</load_address>
         <run_address>0xa800</run_address>
         <size>0x14</size>
         <input_file_ref idref="fl-e4"/>
      </object_component>
      <object_component id="oc-52d">
         <name>.text:strlen</name>
         <load_address>0xa814</load_address>
         <run_address>0xa814</run_address>
         <size>0x14</size>
         <input_file_ref idref="fl-f9"/>
      </object_component>
      <object_component id="oc-2ec">
         <name>.text:Graphics_clearDisplay</name>
         <load_address>0xa828</load_address>
         <run_address>0xa828</run_address>
         <size>0x12</size>
         <input_file_ref idref="fl-10e"/>
      </object_component>
      <object_component id="oc-3a4">
         <name>.text:Graphics_flushOnDisplay</name>
         <load_address>0xa83a</load_address>
         <run_address>0xa83a</run_address>
         <size>0x12</size>
         <input_file_ref idref="fl-10f"/>
      </object_component>
      <object_component id="oc-1a8">
         <name>.text:atof</name>
         <load_address>0xa84c</load_address>
         <run_address>0xa84c</run_address>
         <size>0x12</size>
         <input_file_ref idref="fl-df"/>
      </object_component>
      <object_component id="oc-55c">
         <name>.text:wcslen</name>
         <load_address>0xa85e</load_address>
         <run_address>0xa85e</run_address>
         <size>0x12</size>
         <input_file_ref idref="fl-fb"/>
      </object_component>
      <object_component id="oc-51a">
         <name>.text:ADCIsConversionRunning</name>
         <load_address>0xa870</load_address>
         <run_address>0xa870</run_address>
         <size>0x10</size>
         <input_file_ref idref="fl-ff"/>
      </object_component>
      <object_component id="oc-165">
         <name>.text:Interrupt_disableSleepOnIsrExit</name>
         <load_address>0xa880</load_address>
         <run_address>0xa880</run_address>
         <size>0x10</size>
         <input_file_ref idref="fl-104"/>
      </object_component>
      <object_component id="oc-100">
         <name>.text:Interrupt_enableMaster</name>
         <load_address>0xa890</load_address>
         <run_address>0xa890</run_address>
         <size>0x10</size>
         <input_file_ref idref="fl-104"/>
      </object_component>
      <object_component id="oc-274">
         <name>.text:PCM_setCoreVoltageLevel</name>
         <load_address>0xa8a0</load_address>
         <run_address>0xa8a0</run_address>
         <size>0x10</size>
         <input_file_ref idref="fl-105"/>
      </object_component>
      <object_component id="oc-5ef">
         <name>.text:PCM_setPowerMode</name>
         <load_address>0xa8b0</load_address>
         <run_address>0xa8b0</run_address>
         <size>0x10</size>
         <input_file_ref idref="fl-105"/>
      </object_component>
      <object_component id="oc-12a">
         <name>.text:Graphics_flushBuffer</name>
         <load_address>0xa8c0</load_address>
         <run_address>0xa8c0</run_address>
         <size>0xe</size>
         <input_file_ref idref="fl-10e"/>
      </object_component>
      <object_component id="oc-18a">
         <name>.text:UART_getReceiveBufferAddressForDMA</name>
         <load_address>0xa8ce</load_address>
         <run_address>0xa8ce</run_address>
         <size>0xe</size>
         <input_file_ref idref="fl-10b"/>
      </object_component>
      <object_component id="oc-1d">
         <name>.text:decompress:none:__TI_decompress_none</name>
         <load_address>0xa8dc</load_address>
         <run_address>0xa8dc</run_address>
         <size>0xe</size>
         <input_file_ref idref="fl-dd"/>
      </object_component>
      <object_component id="oc-67">
         <name>.text</name>
         <load_address>0xa8ea</load_address>
         <run_address>0xa8ea</run_address>
         <size>0xe</size>
         <input_file_ref idref="fl-8"/>
      </object_component>
      <object_component id="oc-330">
         <name>.text:ADC14_enableModule</name>
         <load_address>0xa8f8</load_address>
         <run_address>0xa8f8</run_address>
         <size>0xc</size>
         <input_file_ref idref="fl-ff"/>
      </object_component>
      <object_component id="oc-2a2">
         <name>.text:CPU_cpsie</name>
         <load_address>0xa904</load_address>
         <run_address>0xa904</run_address>
         <size>0xc</size>
         <input_file_ref idref="fl-10d"/>
      </object_component>
      <object_component id="oc-373">
         <name>.text:REF_A_enableReferenceVoltage</name>
         <load_address>0xa910</load_address>
         <run_address>0xa910</run_address>
         <size>0xc</size>
         <input_file_ref idref="fl-106"/>
      </object_component>
      <object_component id="oc-367">
         <name>.text:REF_A_enableTempSensor</name>
         <load_address>0xa91c</load_address>
         <run_address>0xa91c</run_address>
         <size>0xc</size>
         <input_file_ref idref="fl-106"/>
      </object_component>
      <object_component id="oc-49">
         <name>.text:decompress:ZI:__TI_zero_init</name>
         <load_address>0xa928</load_address>
         <run_address>0xa928</run_address>
         <size>0xc</size>
         <input_file_ref idref="fl-dc"/>
      </object_component>
      <object_component id="oc-406">
         <name>.text:__aeabi_errno_addr</name>
         <load_address>0xa934</load_address>
         <run_address>0xa934</run_address>
         <size>0x8</size>
         <input_file_ref idref="fl-e9"/>
      </object_component>
      <object_component id="oc-a5">
         <name>.text:_system_pre_init</name>
         <load_address>0xa93c</load_address>
         <run_address>0xa93c</run_address>
         <size>0x4</size>
         <input_file_ref idref="fl-f1"/>
      </object_component>
      <object_component id="oc-1f9">
         <name>.text:abort:abort</name>
         <load_address>0xa940</load_address>
         <run_address>0xa940</run_address>
         <size>0x4</size>
         <input_file_ref idref="fl-f3"/>
      </object_component>
      <object_component id="oc-502">
         <name>.const:.string:g_pucCmtt24Data</name>
         <load_address>0xa948</load_address>
         <run_address>0xa948</run_address>
         <size>0x96f</size>
         <input_file_ref idref="fl-110"/>
      </object_component>
      <object_component id="oc-572">
         <name>.const:.string</name>
         <load_address>0xb2b8</load_address>
         <run_address>0xb2b8</run_address>
         <size>0x32c</size>
         <input_file_ref idref="fl-4"/>
      </object_component>
      <object_component id="oc-4fc">
         <name>.const:.string:g_pucFontFixed6x8Data</name>
         <load_address>0xb5e4</load_address>
         <run_address>0xb5e4</run_address>
         <size>0x2f8</size>
         <input_file_ref idref="fl-111"/>
      </object_component>
      <object_component id="oc-40c">
         <name>.const:.string:_ctypes_</name>
         <load_address>0xb8dc</load_address>
         <run_address>0xb8dc</run_address>
         <size>0x101</size>
         <input_file_ref idref="fl-e1"/>
      </object_component>
      <object_component id="oc-5a1">
         <name>.const:$O1$$</name>
         <load_address>0xb9e0</load_address>
         <run_address>0xb9e0</run_address>
         <size>0xc8</size>
         <input_file_ref idref="fl-e5"/>
      </object_component>
      <object_component id="oc-30e">
         <name>.const:g_sFontCmtt24</name>
         <load_address>0xbaa8</load_address>
         <run_address>0xbaa8</run_address>
         <size>0xc8</size>
         <input_file_ref idref="fl-110"/>
      </object_component>
      <object_component id="oc-30a">
         <name>.const:g_sFontFixed6x8</name>
         <load_address>0xbb70</load_address>
         <run_address>0xbb70</run_address>
         <size>0xc8</size>
         <input_file_ref idref="fl-111"/>
      </object_component>
      <object_component id="oc-3ef">
         <name>.const:_ctlRegs</name>
         <load_address>0xbc38</load_address>
         <run_address>0xbc38</run_address>
         <size>0x80</size>
         <input_file_ref idref="fl-ff"/>
      </object_component>
      <object_component id="oc-515">
         <name>.const:GPIO_PORT_TO_BASE</name>
         <load_address>0xbcb8</load_address>
         <run_address>0xbcb8</run_address>
         <size>0x30</size>
         <input_file_ref idref="fl-103"/>
      </object_component>
      <object_component id="oc-31b">
         <name>.const:.string:$P$T0$1</name>
         <load_address>0xbce8</load_address>
         <run_address>0xbce8</run_address>
         <size>0x28</size>
         <input_file_ref idref="fl-7"/>
      </object_component>
      <object_component id="oc-321">
         <name>.const:.string:$P$T1$2</name>
         <load_address>0xbd10</load_address>
         <run_address>0xbd10</run_address>
         <size>0x28</size>
         <input_file_ref idref="fl-7"/>
      </object_component>
      <object_component id="oc-1bd">
         <name>.const:uartConfig</name>
         <load_address>0xbd38</load_address>
         <run_address>0xbd38</run_address>
         <size>0x28</size>
         <input_file_ref idref="fl-3"/>
      </object_component>
      <object_component id="oc-307">
         <name>.const:g_sCrystalfontz128x128_funcs</name>
         <load_address>0xbd60</load_address>
         <run_address>0xbd60</run_address>
         <size>0x20</size>
         <input_file_ref idref="fl-12"/>
      </object_component>
      <object_component id="oc-2af">
         <name>.const:.string:DbcTbl</name>
         <load_address>0xbd80</load_address>
         <run_address>0xbd80</run_address>
         <size>0xa</size>
         <input_file_ref idref="fl-15"/>
      </object_component>
      <object_component id="oc-4bb">
         <name>.const:$P$T0$1</name>
         <load_address>0xbd8a</load_address>
         <run_address>0xbd8a</run_address>
         <size>0x8</size>
         <input_file_ref idref="fl-12"/>
      </object_component>
      <object_component id="oc-3f3">
         <name>.const:g_pulDisRegs</name>
         <load_address>0xbd94</load_address>
         <run_address>0xbd94</run_address>
         <size>0x8</size>
         <input_file_ref idref="fl-104"/>
      </object_component>
      <object_component id="oc-3ac">
         <name>.const:g_pulEnRegs</name>
         <load_address>0xbd9c</load_address>
         <run_address>0xbd9c</run_address>
         <size>0x8</size>
         <input_file_ref idref="fl-104"/>
      </object_component>
      <object_component id="oc-74c">
         <name>.cinit..data.load</name>
         <load_address>0xbda8</load_address>
         <run_address>0xbda8</run_address>
         <size>0x6b</size>
      </object_component>
      <object_component id="oc-74a">
         <name>__TI_handler_table</name>
         <load_address>0xbe14</load_address>
         <run_address>0xbe14</run_address>
         <size>0xc</size>
      </object_component>
      <object_component id="oc-74d">
         <name>.cinit..bss.load</name>
         <load_address>0xbe20</load_address>
         <run_address>0xbe20</run_address>
         <size>0x8</size>
      </object_component>
      <object_component id="oc-74b">
         <name>__TI_cinit_table</name>
         <load_address>0xbe28</load_address>
         <run_address>0xbe28</run_address>
         <size>0x10</size>
      </object_component>
      <object_component id="oc-71e">
         <name>.binit</name>
         <load_address>0x0</load_address>
         <run_address>0x0</run_address>
         <size>0x0</size>
      </object_component>
      <object_component id="oc-143">
         <name>.data</name>
         <load_address>0x20000dcf</load_address>
         <run_address>0x20000dcf</run_address>
         <size>0x2</size>
         <input_file_ref idref="fl-3"/>
      </object_component>
      <object_component id="oc-39f">
         <name>.data</name>
         <load_address>0x20000d94</load_address>
         <run_address>0x20000d94</run_address>
         <size>0xc</size>
         <input_file_ref idref="fl-4"/>
      </object_component>
      <object_component id="oc-16d">
         <name>.data</name>
         <load_address>0x20000dcc</load_address>
         <run_address>0x20000dcc</run_address>
         <size>0x3</size>
         <input_file_ref idref="fl-6"/>
      </object_component>
      <object_component id="oc-136">
         <name>.data:UART0Config</name>
         <load_address>0x20000d28</load_address>
         <run_address>0x20000d28</run_address>
         <size>0x28</size>
         <input_file_ref idref="fl-6"/>
      </object_component>
      <object_component id="oc-139">
         <name>.data:SPI0MasterConfig</name>
         <load_address>0x20000d50</load_address>
         <run_address>0x20000d50</run_address>
         <size>0x1c</size>
         <input_file_ref idref="fl-6"/>
      </object_component>
      <object_component id="oc-318">
         <name>.data:multipleData</name>
         <load_address>0x20000db0</load_address>
         <run_address>0x20000db0</run_address>
         <size>0x8</size>
         <input_file_ref idref="fl-7"/>
      </object_component>
      <object_component id="oc-312">
         <name>.data:instSpeed</name>
         <load_address>0x20000da8</load_address>
         <run_address>0x20000da8</run_address>
         <size>0x8</size>
         <input_file_ref idref="fl-7"/>
      </object_component>
      <object_component id="oc-315">
         <name>.data:tripTime</name>
         <load_address>0x20000db8</load_address>
         <run_address>0x20000db8</run_address>
         <size>0x8</size>
         <input_file_ref idref="fl-7"/>
      </object_component>
      <object_component id="oc-31e">
         <name>.data</name>
         <load_address>0x20000cf4</load_address>
         <run_address>0x20000cf4</run_address>
         <size>0x34</size>
         <input_file_ref idref="fl-7"/>
      </object_component>
      <object_component id="oc-237">
         <name>.data</name>
         <load_address>0x20000dc8</load_address>
         <run_address>0x20000dc8</run_address>
         <size>0x4</size>
         <input_file_ref idref="fl-9"/>
      </object_component>
      <object_component id="oc-294">
         <name>.data:upConfig</name>
         <load_address>0x20000d6c</load_address>
         <run_address>0x20000d6c</run_address>
         <size>0x18</size>
         <input_file_ref idref="fl-e"/>
      </object_component>
      <object_component id="oc-be">
         <name>.data</name>
         <load_address>0x20000da0</load_address>
         <run_address>0x20000da0</run_address>
         <size>0x8</size>
         <input_file_ref idref="fl-10"/>
      </object_component>
      <object_component id="oc-304">
         <name>.data:g_sCrystalfontz128x128</name>
         <load_address>0x20000d84</load_address>
         <run_address>0x20000d84</run_address>
         <size>0x10</size>
         <input_file_ref idref="fl-12"/>
      </object_component>
      <object_component id="oc-48e">
         <name>.data</name>
         <load_address>0x20000dd1</load_address>
         <run_address>0x20000dd1</run_address>
         <size>0x2</size>
         <input_file_ref idref="fl-18"/>
      </object_component>
      <object_component id="oc-42c">
         <name>.data</name>
         <load_address>0x20000dc4</load_address>
         <run_address>0x20000dc4</run_address>
         <size>0x4</size>
         <input_file_ref idref="fl-e6"/>
      </object_component>
      <object_component id="oc-58f">
         <name>.data</name>
         <load_address>0x20000dc0</load_address>
         <run_address>0x20000dc0</run_address>
         <size>0x4</size>
         <input_file_ref idref="fl-e9"/>
      </object_component>
      <object_component id="oc-29e">
         <name>.bss:MSP_EXP432P401RLP_DMAControlTable</name>
         <uninitialized>true</uninitialized>
         <run_address>0x20000800</run_address>
         <size>0x200</size>
         <input_file_ref idref="fl-2"/>
      </object_component>
      <object_component id="oc-2b2">
         <name>.bss:FatFs</name>
         <uninitialized>true</uninitialized>
         <run_address>0x20000ccc</run_address>
         <size>0x4</size>
         <input_file_ref idref="fl-15"/>
      </object_component>
      <object_component id="oc-2b5">
         <name>.bss</name>
         <uninitialized>true</uninitialized>
         <run_address>0x20000c3a</run_address>
         <size>0x2</size>
         <input_file_ref idref="fl-15"/>
      </object_component>
      <object_component id="oc-48b">
         <name>.bss</name>
         <uninitialized>true</uninitialized>
         <run_address>0x20000cc0</run_address>
         <size>0x9</size>
         <input_file_ref idref="fl-18"/>
      </object_component>
      <object_component id="oc-146">
         <name>.common:gpsUartBuffer</name>
         <uninitialized>true</uninitialized>
         <run_address>0x20000458</run_address>
         <size>0x200</size>
      </object_component>
      <object_component id="oc-1d7">
         <name>.common:gpsGGAData</name>
         <uninitialized>true</uninitialized>
         <run_address>0x20000b60</run_address>
         <size>0x38</size>
      </object_component>
      <object_component id="oc-1d8">
         <name>.common:gpsRMCData</name>
         <uninitialized>true</uninitialized>
         <run_address>0x20000b00</run_address>
         <size>0x60</size>
      </object_component>
      <object_component id="oc-1d9">
         <name>.common:gpsGSAData</name>
         <uninitialized>true</uninitialized>
         <run_address>0x20000c1c</run_address>
         <size>0x1d</size>
      </object_component>
      <object_component id="oc-1da">
         <name>.common:gpsGSVData</name>
         <uninitialized>true</uninitialized>
         <run_address>0x20000658</run_address>
         <size>0x1a8</size>
      </object_component>
      <object_component id="oc-1db">
         <name>.common:gpsVTGData</name>
         <uninitialized>true</uninitialized>
         <run_address>0x20000c90</run_address>
         <size>0x1a</size>
      </object_component>
      <object_component id="oc-16b">
         <name>.common:flagTemp</name>
         <uninitialized>true</uninitialized>
         <run_address>0x20000cf2</run_address>
         <size>0x1</size>
      </object_component>
      <object_component id="oc-16c">
         <name>.common:conRes</name>
         <uninitialized>true</uninitialized>
         <run_address>0x20000cee</run_address>
         <size>0x2</size>
      </object_component>
      <object_component id="oc-171">
         <name>.common:file</name>
         <uninitialized>true</uninitialized>
         <run_address>0x20000230</run_address>
         <size>0x228</size>
      </object_component>
      <object_component id="oc-13f">
         <name>.common:FS</name>
         <uninitialized>true</uninitialized>
         <run_address>0x20000000</run_address>
         <size>0x230</size>
      </object_component>
      <object_component id="oc-142">
         <name>.common:DI</name>
         <uninitialized>true</uninitialized>
         <run_address>0x20000b98</run_address>
         <size>0x2c</size>
      </object_component>
      <object_component id="oc-170">
         <name>.common:FI</name>
         <uninitialized>true</uninitialized>
         <run_address>0x20000bc4</run_address>
         <size>0x2c</size>
      </object_component>
      <object_component id="oc-172">
         <name>.common:g_sContext</name>
         <uninitialized>true</uninitialized>
         <run_address>0x20000c3c</run_address>
         <size>0x1c</size>
      </object_component>
      <object_component id="oc-311">
         <name>.common:g_sContextSelected</name>
         <uninitialized>true</uninitialized>
         <run_address>0x20000c74</run_address>
         <size>0x1c</size>
      </object_component>
      <object_component id="oc-30d">
         <name>.common:g_sContextBig</name>
         <uninitialized>true</uninitialized>
         <run_address>0x20000c58</run_address>
         <size>0x1c</size>
      </object_component>
      <object_component id="oc-13c">
         <name>.common:myParamStruct</name>
         <uninitialized>true</uninitialized>
         <run_address>0x20000bf0</run_address>
         <size>0x2c</size>
      </object_component>
      <object_component id="oc-149">
         <name>.common:myParamStruct2</name>
         <uninitialized>true</uninitialized>
         <run_address>0x20000cac</run_address>
         <size>0x14</size>
      </object_component>
      <object_component id="oc-173">
         <name>.common:cal30</name>
         <uninitialized>true</uninitialized>
         <run_address>0x20000ce0</run_address>
         <size>0x4</size>
      </object_component>
      <object_component id="oc-37f">
         <name>.common:cal85</name>
         <uninitialized>true</uninitialized>
         <run_address>0x20000ce4</run_address>
         <size>0x4</size>
      </object_component>
      <object_component id="oc-14a">
         <name>.common:calDifference</name>
         <uninitialized>true</uninitialized>
         <run_address>0x20000ce8</run_address>
         <size>0x4</size>
      </object_component>
      <object_component id="oc-d8">
         <name>.common:UARTA0Data</name>
         <uninitialized>true</uninitialized>
         <run_address>0x20000a00</run_address>
         <size>0x80</size>
      </object_component>
      <object_component id="oc-d4">
         <name>.common:UARTA0ReadIndex</name>
         <uninitialized>true</uninitialized>
         <run_address>0x20000cd0</run_address>
         <size>0x4</size>
      </object_component>
      <object_component id="oc-d7">
         <name>.common:UARTA0WriteIndex</name>
         <uninitialized>true</uninitialized>
         <run_address>0x20000cd4</run_address>
         <size>0x4</size>
      </object_component>
      <object_component id="oc-db">
         <name>.common:UARTA2Data</name>
         <uninitialized>true</uninitialized>
         <run_address>0x20000a80</run_address>
         <size>0x80</size>
      </object_component>
      <object_component id="oc-d9">
         <name>.common:UARTA2ReadIndex</name>
         <uninitialized>true</uninitialized>
         <run_address>0x20000cd8</run_address>
         <size>0x4</size>
      </object_component>
      <object_component id="oc-da">
         <name>.common:UARTA2WriteIndex</name>
         <uninitialized>true</uninitialized>
         <run_address>0x20000cdc</run_address>
         <size>0x4</size>
      </object_component>
      <object_component id="oc-4ba">
         <name>.common:Lcd_Orientation</name>
         <uninitialized>true</uninitialized>
         <run_address>0x20000cf0</run_address>
         <size>0x1</size>
      </object_component>
      <object_component id="oc-4b2">
         <name>.common:Lcd_ScreenWidth</name>
         <uninitialized>true</uninitialized>
         <run_address>0x20000cca</run_address>
         <size>0x2</size>
      </object_component>
      <object_component id="oc-4b5">
         <name>.common:Lcd_ScreenHeigth</name>
         <uninitialized>true</uninitialized>
         <run_address>0x20000caa</run_address>
         <size>0x2</size>
      </object_component>
      <object_component id="oc-4b6">
         <name>.common:Lcd_PenSolid</name>
         <uninitialized>true</uninitialized>
         <run_address>0x20000cf1</run_address>
         <size>0x1</size>
      </object_component>
      <object_component id="oc-4b7">
         <name>.common:Lcd_FontSolid</name>
         <uninitialized>true</uninitialized>
         <run_address>0x20000cc9</run_address>
         <size>0x1</size>
      </object_component>
      <object_component id="oc-4b8">
         <name>.common:Lcd_FlagRead</name>
         <uninitialized>true</uninitialized>
         <run_address>0x20000c39</run_address>
         <size>0x1</size>
      </object_component>
      <object_component id="oc-4b9">
         <name>.common:Lcd_TouchTrim</name>
         <uninitialized>true</uninitialized>
         <run_address>0x20000cec</run_address>
         <size>0x2</size>
      </object_component>
      <object_component id="oc-29">
         <name>.stack</name>
         <uninitialized>true</uninitialized>
         <run_address>0x2000fe00</run_address>
         <size>0x4</size>
         <input_file_ref idref="fl-e8"/>
      </object_component>
      <object_component id="oc-74f">
         <name>.stack</name>
         <uninitialized>true</uninitialized>
         <run_address>0x2000fe00</run_address>
         <size>0x0</size>
      </object_component>
      <object_component id="oc-436">
         <name>.debug_info</name>
         <load_address>0x0</load_address>
         <run_address>0x0</run_address>
         <size>0x556</size>
         <input_file_ref idref="fl-2"/>
      </object_component>
      <object_component id="oc-29f">
         <name>.debug_info</name>
         <load_address>0x556</load_address>
         <run_address>0x556</run_address>
         <size>0x110</size>
         <input_file_ref idref="fl-2"/>
      </object_component>
      <object_component id="oc-fb">
         <name>.debug_info</name>
         <load_address>0x666</load_address>
         <run_address>0x666</run_address>
         <size>0x11f</size>
         <input_file_ref idref="fl-2"/>
      </object_component>
      <object_component id="oc-1e4">
         <name>.debug_info</name>
         <load_address>0x785</load_address>
         <run_address>0x785</run_address>
         <size>0x26b</size>
         <input_file_ref idref="fl-2"/>
      </object_component>
      <object_component id="oc-249">
         <name>.debug_info</name>
         <load_address>0x9f0</load_address>
         <run_address>0x9f0</run_address>
         <size>0x1055</size>
         <input_file_ref idref="fl-2"/>
      </object_component>
      <object_component id="oc-244">
         <name>.debug_info</name>
         <load_address>0x1a45</load_address>
         <run_address>0x1a45</run_address>
         <size>0x37e2</size>
         <input_file_ref idref="fl-2"/>
      </object_component>
      <object_component id="oc-5b7">
         <name>.debug_info</name>
         <load_address>0x5227</load_address>
         <run_address>0x5227</run_address>
         <size>0x8a</size>
         <input_file_ref idref="fl-2"/>
      </object_component>
      <object_component id="oc-24e">
         <name>.debug_info</name>
         <load_address>0x52b1</load_address>
         <run_address>0x52b1</run_address>
         <size>0x341</size>
         <input_file_ref idref="fl-2"/>
      </object_component>
      <object_component id="oc-32">
[...]
         <value>0x9fe9</value>
         <object_component_ref idref="oc-654"/>
      </symbol>
      <symbol id="sm-c89">
         <name>__aeabi_i2d</name>
         <value>0xa429</value>
         <object_component_ref idref="oc-65f"/>
      </symbol>
      <symbol id="sm-c96">
         <name>__aeabi_uldivmod</name>
         <value>0x94f5</value>
         <object_component_ref idref="oc-648"/>
      </symbol>
      <symbol id="sm-cbe">
         <name>__TI_auto_init_nobinit_nopinit</name>
         <value>0xa031</value>
         <object_component_ref idref="oc-205"/>
      </symbol>
      <symbol id="sm-cc8">
         <name>_system_pre_init</name>
         <value>0xa93d</value>
         <object_component_ref idref="oc-a5"/>
      </symbol>
      <symbol id="sm-cd4">
         <name>C$$EXIT</name>
         <value>0xa941</value>
         <object_component_ref idref="oc-1f9"/>
      </symbol>
      <symbol id="sm-cd5">
         <name>abort</name>
         <value>0xa941</value>
         <object_component_ref idref="oc-1f9"/>
      </symbol>
      <symbol id="sm-ce5">
         <name>__TI_ltoa</name>
         <value>0x9d79</value>
         <object_component_ref idref="oc-659"/>
      </symbol>
      <symbol id="sm-cf6">
         <name>memccpy</name>
         <value>0xa6b1</value>
         <object_component_ref idref="oc-556"/>
      </symbol>
      <symbol id="sm-d07">
         <name>strcspn</name>
         <value>0xa5f1</value>
         <object_component_ref idref="oc-426"/>
      </symbol>
      <symbol id="sm-d15">
         <name>strlen</name>
         <value>0xa815</value>
         <object_component_ref idref="oc-52d"/>
      </symbol>
      <symbol id="sm-d27">
         <name>strspn</name>
         <value>0xa4dd</value>
         <object_component_ref idref="oc-420"/>
      </symbol>
      <symbol id="sm-d40">
         <name>wcslen</name>
         <value>0xa85f</value>
         <object_component_ref idref="oc-55c"/>
      </symbol>
      <symbol id="sm-d4a">
         <name>copysign</name>
         <value>0xa71b</value>
         <object_component_ref idref="oc-6a5"/>
      </symbol>
      <symbol id="sm-d4b">
         <name>copysignl</name>
         <value>0xa71b</value>
         <object_component_ref idref="oc-6a5"/>
      </symbol>
      <symbol id="sm-d61">
         <name>frexpl</name>
         <value>0x9b5d</value>
         <object_component_ref idref="oc-67f"/>
      </symbol>
      <symbol id="sm-d62">
         <name>frexp</name>
         <value>0x9b5d</value>
         <object_component_ref idref="oc-67f"/>
      </symbol>
      <symbol id="sm-d6c">
         <name>__aeabi_idiv0</name>
         <value>0x4a87</value>
         <object_component_ref idref="oc-6ec"/>
      </symbol>
      <symbol id="sm-d6d">
         <name>__aeabi_ldiv0</name>
         <value>0x4a87</value>
         <object_component_ref idref="oc-6ec"/>
      </symbol>
      <symbol id="sm-e84">
         <name>ADC14_enableInterrupt</name>
         <value>0xa399</value>
         <object_component_ref idref="oc-354"/>
      </symbol>
      <symbol id="sm-e85">
         <name>ADC14_getInterruptStatus</name>
         <value>0xa459</value>
         <object_component_ref idref="oc-3e1"/>
      </symbol>
      <symbol id="sm-e86">
         <name>ADC14_enableSampleTimer</name>
         <value>0xa2cd</value>
         <object_component_ref idref="oc-34e"/>
      </symbol>
      <symbol id="sm-e87">
         <name>ADC14_enableConversion</name>
         <value>0xa509</value>
         <object_component_ref idref="oc-35a"/>
      </symbol>
      <symbol id="sm-e88">
         <name>ADC14_toggleConversionTrigger</name>
         <value>0xa485</value>
         <object_component_ref idref="oc-360"/>
      </symbol>
      <symbol id="sm-e89">
         <name>ADC14_getEnabledInterruptStatus</name>
         <value>0xa1f1</value>
         <object_component_ref idref="oc-14d"/>
      </symbol>
      <symbol id="sm-e8a">
         <name>ADC14_setSampleHoldTime</name>
         <value>0xa3c9</value>
         <object_component_ref idref="oc-348"/>
      </symbol>
      <symbol id="sm-e8b">
         <name>ADC14_initModule</name>
         <value>0x9cd1</value>
         <object_component_ref idref="oc-336"/>
      </symbol>
      <symbol id="sm-e8c">
         <name>ADC14_configureMultiSequenceMode</name>
         <value>0x8fb5</value>
         <object_component_ref idref="oc-33c"/>
      </symbol>
      <symbol id="sm-e8d">
         <name>ADC14_clearInterruptFlag</name>
         <value>0xa369</value>
         <object_component_ref idref="oc-153"/>
      </symbol>
      <symbol id="sm-e8e">
         <name>ADC14_configureConversionMemory</name>
         <value>0x8f01</value>
         <object_component_ref idref="oc-342"/>
      </symbol>
      <symbol id="sm-e8f">
         <name>ADC14_enableModule</name>
         <value>0xa8f9</value>
         <object_component_ref idref="oc-330"/>
      </symbol>
      <symbol id="sm-e90">
         <name>ADC14_getResult</name>
         <value>0xa531</value>
         <object_component_ref idref="oc-159"/>
      </symbol>
      <symbol id="sm-e9e">
         <name>CS_setDCOCenteredFrequency</name>
         <value>0xa301</value>
         <object_component_ref idref="oc-27a"/>
      </symbol>
      <symbol id="sm-ec4">
         <name>DMA_setChannelTransfer</name>
         <value>0x8d41</value>
         <object_component_ref idref="oc-190"/>
      </symbol>
      <symbol id="sm-ec5">
         <name>DMA_setChannelControl</name>
         <value>0xa1b5</value>
         <object_component_ref idref="oc-184"/>
      </symbol>
      <symbol id="sm-ed4">
         <name>FlashCtl_setWaitState</name>
         <value>0x9f59</value>
         <object_component_ref idref="oc-26e"/>
      </symbol>
      <symbol id="sm-f1c">
         <name>GPIO_setOutputHighOnPin</name>
         <value>0xa559</value>
         <object_component_ref idref="oc-4ac"/>
      </symbol>
      <symbol id="sm-f1d">
         <name>GPIO_setAsOutputPin</name>
         <value>0xa075</value>
         <object_component_ref idref="oc-60c"/>
      </symbol>
      <symbol id="sm-f1e">
         <name>GPIO_setOutputLowOnPin</name>
         <value>0xa581</value>
         <object_component_ref idref="oc-4a6"/>
      </symbol>
      <symbol id="sm-f1f">
         <name>GPIO_setAsPeripheralModuleFunctionOutputPin</name>
         <value>0x96a5</value>
         <object_component_ref idref="oc-606"/>
      </symbol>
      <symbol id="sm-f20">
         <name>GPIO_setAsPeripheralModuleFunctionInputPin</name>
         <value>0x961d</value>
         <object_component_ref idref="oc-32a"/>
      </symbol>
      <symbol id="sm-f68">
         <name>Interrupt_disableInterrupt</name>
         <value>0x9839</value>
         <object_component_ref idref="oc-15f"/>
      </symbol>
      <symbol id="sm-f69">
         <name>Interrupt_enableMaster</name>
         <value>0xa891</value>
         <object_component_ref idref="oc-100"/>
      </symbol>
      <symbol id="sm-f6a">
         <name>Interrupt_enableInterrupt</name>
         <value>0x98b9</value>
         <object_component_ref idref="oc-130"/>
      </symbol>
      <symbol id="sm-f6b">
         <name>Interrupt_disableSleepOnIsrExit</name>
         <value>0xa881</value>
         <object_component_ref idref="oc-165"/>
      </symbol>
      <symbol id="sm-fe9">
         <name>PCM_setCoreVoltageLevel</name>
         <value>0xa8a1</value>
         <object_component_ref idref="oc-274"/>
      </symbol>
      <symbol id="sm-fea">
         <name>PCM_getCoreVoltageLevel</name>
         <value>0x9bc1</value>
         <object_component_ref idref="oc-5e3"/>
      </symbol>
      <symbol id="sm-feb">
         <name>PCM_getPowerMode</name>
         <value>0x9c1f</value>
         <object_component_ref idref="oc-5dd"/>
      </symbol>
      <symbol id="sm-fec">
         <name>PCM_getPowerState</name>
         <value>0xa7ed</value>
         <object_component_ref idref="oc-5e9"/>
      </symbol>
      <symbol id="sm-fed">
         <name>PCM_setPowerMode</name>
         <value>0xa8b1</value>
         <object_component_ref idref="oc-5ef"/>
      </symbol>
      <symbol id="sm-100d">
         <name>REF_A_enableTempSensor</name>
         <value>0xa91d</value>
         <object_component_ref idref="oc-367"/>
      </symbol>
      <symbol id="sm-100e">
         <name>REF_A_enableReferenceVoltage</name>
         <value>0xa911</value>
         <object_component_ref idref="oc-373"/>
      </symbol>
      <symbol id="sm-100f">
         <name>REF_A_setReferenceVoltage</name>
         <value>0xa659</value>
         <object_component_ref idref="oc-36d"/>
      </symbol>
      <symbol id="sm-104f">
         <name>EUSCI_B_SPI_enable</name>
         <value>0xa793</value>
         <object_component_ref idref="oc-6db"/>
      </symbol>
      <symbol id="sm-1050">
         <name>SPI_enableModule</name>
         <value>0xa679</value>
         <object_component_ref idref="oc-612"/>
      </symbol>
      <symbol id="sm-1051">
         <name>EUSCI_A_SPI_enable</name>
         <value>0xa77d</value>
         <object_component_ref idref="oc-6d5"/>
      </symbol>
      <symbol id="sm-1052">
         <name>SPI_initMaster</name>
         <value>0x91cf</value>
         <object_component_ref idref="oc-281"/>
      </symbol>
      <symbol id="sm-105e">
         <name>SysCtl_getTempCalibrationConstant</name>
         <value>0xa695</value>
         <object_component_ref idref="oc-379"/>
      </symbol>
      <symbol id="sm-109f">
         <name>UART_getEnabledInterruptStatus</name>
         <value>0x9af7</value>
         <object_component_ref idref="oc-ce"/>
      </symbol>
      <symbol id="sm-10a0">
         <name>UART_getInterruptStatus</name>
         <value>0xa735</value>
         <object_component_ref idref="oc-25a"/>
      </symbol>
      <symbol id="sm-10a1">
         <name>UART_getReceiveBufferAddressForDMA</name>
         <value>0xa8cf</value>
         <object_component_ref idref="oc-18a"/>
      </symbol>
      <symbol id="sm-10a2">
         <name>UART_initModule</name>
         <value>0x8719</value>
         <object_component_ref idref="oc-c8"/>
      </symbol>
      <symbol id="sm-10ae">
         <name>WDT_A_holdTimer</name>
         <value>0xa5cd</value>
         <object_component_ref idref="oc-e2"/>
      </symbol>
      <symbol id="sm-10b8">
         <name>CPU_cpsie</name>
         <value>0xa905</value>
         <object_component_ref idref="oc-2a2"/>
      </symbol>
      <symbol id="sm-10f2">
         <name>Graphics_setBackgroundColor</name>
         <value>0xa6e7</value>
         <object_component_ref idref="oc-2e0"/>
      </symbol>
      <symbol id="sm-10f3">
         <name>Graphics_setFont</name>
         <value>0xa701</value>
         <object_component_ref idref="oc-2e6"/>
      </symbol>
      <symbol id="sm-10f4">
         <name>Graphics_initContext</name>
         <value>0x9dcd</value>
         <object_component_ref idref="oc-2d4"/>
      </symbol>
      <symbol id="sm-10f5">
         <name>Graphics_setForegroundColor</name>
         <value>0xa7a9</value>
         <object_component_ref idref="oc-2da"/>
      </symbol>
      <symbol id="sm-10f6">
         <name>Graphics_flushBuffer</name>
         <value>0xa8c1</value>
         <object_component_ref idref="oc-12a"/>
      </symbol>
      <symbol id="sm-10f7">
         <name>Graphics_clearDisplay</name>
         <value>0xa829</value>
         <object_component_ref idref="oc-2ec"/>
      </symbol>
      <symbol id="sm-112c">
         <name>Graphics_clearDisplayOnDisplay</name>
         <value>0xa6cd</value>
         <object_component_ref idref="oc-4c9"/>
      </symbol>
      <symbol id="sm-112d">
         <name>Graphics_flushOnDisplay</name>
         <value>0xa83b</value>
         <object_component_ref idref="oc-3a4"/>
      </symbol>
      <symbol id="sm-112e">
         <name>Graphics_drawPixelOnDisplay</name>
         <value>0xa4b1</value>
         <object_component_ref idref="oc-4e4"/>
      </symbol>
      <symbol id="sm-112f">
         <name>Graphics_translateColorOnDisplay</name>
         <value>0xa7bf</value>
         <object_component_ref idref="oc-4c0"/>
      </symbol>
      <symbol id="sm-1130">
         <name>Graphics_drawHorizontalLineOnDisplay</name>
         <value>0xa261</value>
         <object_component_ref idref="oc-622"/>
      </symbol>
      <symbol id="sm-1131">
         <name>Graphics_drawVerticalLineOnDisplay</name>
         <value>0xa297</value>
         <object_component_ref idref="oc-62a"/>
      </symbol>
      <symbol id="sm-1143">
         <name>g_sFontCmtt24</name>
         <value>0xbaa8</value>
         <object_component_ref idref="oc-30e"/>
      </symbol>
      <symbol id="sm-1155">
         <name>g_sFontFixed6x8</name>
         <value>0xbb70</value>
         <object_component_ref idref="oc-30a"/>
      </symbol>
      <symbol id="sm-1163">
         <name>Graphics_drawRectangle</name>
         <value>0x927f</value>
         <object_component_ref idref="oc-2f2"/>
      </symbol>
      <symbol id="sm-11bb">
         <name>Graphics_drawStringCentered</name>
         <value>0x9fa1</value>
         <object_component_ref idref="oc-2fe"/>
      </symbol>
      <symbol id="sm-11bc">
         <name>Graphics_drawString</name>
         <value>0x6829</value>
         <object_component_ref idref="oc-2f8"/>
      </symbol>
      <symbol id="sm-11bd">
         <name>Graphics_getStringWidth</name>
         <value>0x8c45</value>
         <object_component_ref idref="oc-4f1"/>
      </symbol>
      <symbol id="sm-11de">
         <name>Graphics_drawLineH</name>
         <value>0x9321</value>
         <object_component_ref idref="oc-4d0"/>
      </symbol>
      <symbol id="sm-11df">
         <name>Graphics_drawLineV</name>
         <value>0x93bd</value>
         <object_component_ref idref="oc-4d6"/>
      </symbol>
      <symbol id="sm-11e0">
         <name>__TI_static_base__</name>
         <value>0x0</value>
      </symbol>
      <symbol id="sm-11e3">
         <name>__mpu_init</name>
         <value>0x0</value>
      </symbol>
      <symbol id="sm-11e4">
         <name>_system_post_cinit</name>
         <value>0x0</value>
      </symbol>
      <symbol id="sm-11e5">
         <name>NMI_Handler</name>
         <value>0xa8f7</value>
      </symbol>
      <symbol id="sm-11e6">
         <name>HardFault_Handler</name>
         <value>0xa8f7</value>
      </symbol>
      <symbol id="sm-11e7">
         <name>MemManage_Handler</name>
         <value>0xa8f7</value>
      </symbol>
      <symbol id="sm-11e8">
         <name>BusFault_Handler</name>
         <value>0xa8f7</value>
      </symbol>
      <symbol id="sm-11e9">
         <name>UsageFault_Handler</name>
         <value>0xa8f7</value>
      </symbol>
      <symbol id="sm-11ea">
         <name>SVC_Handler</name>
         <value>0xa8f7</value>
      </symbol>
      <symbol id="sm-11eb">
         <name>DebugMon_Handler</name>
         <value>0xa8f7</value>
      </symbol>
      <symbol id="sm-11ec">
         <name>PendSV_Handler</name>
         <value>0xa8f7</value>
      </symbol>
      <symbol id="sm-11ed">
         <name>SysTick_Handler</name>
         <value>0xa8f7</value>
      </symbol>
      <symbol id="sm-11ee">
         <name>PSS_IRQHandler</name>
         <value>0xa8f7</value>
      </symbol>
      <symbol id="sm-11ef">
         <name>CS_IRQHandler</name>
         <value>0xa8f7</value>
      </symbol>
      <symbol id="sm-11f0">
         <name>PCM_IRQHandler</name>
         <value>0xa8f7</value>
      </symbol>
      <symbol id="sm-11f1">
         <name>WDT_A_IRQHandler</name>
         <value>0xa8f7</value>
      </symbol>
      <symbol id="sm-11f2">
         <name>FPU_IRQHandler</name>
         <value>0xa8f7</value>
      </symbol>
      <symbol id="sm-11f3">
         <name>FLCTL_IRQHandler</name>
         <value>0xa8f7</value>
      </symbol>
      <symbol id="sm-11f4">
         <name>COMP_E0_IRQHandler</name>
         <value>0xa8f7</value>
      </symbol>
      <symbol id="sm-11f5">
         <name>COMP_E1_IRQHandler</name>
         <value>0xa8f7</value>
      </symbol>
      <symbol id="sm-11f6">
         <name>TA0_0_IRQHandler</name>
         <value>0x8b07</value>
      </symbol>
      <symbol id="sm-11f7">
         <name>TA0_N_IRQHandler</name>
         <value>0xa8f7</value>
      </symbol>
      <symbol id="sm-11f8">
         <name>TA1_0_IRQHandler</name>
         <value>0x8b17</value>
      </symbol>
      <symbol id="sm-11f9">
         <name>TA1_N_IRQHandler</name>
         <value>0xa8f7</value>
      </symbol>
      <symbol id="sm-11fa">
         <name>TA2_0_IRQHandler</name>
         <value>0xa8f7</value>
      </symbol>
      <symbol id="sm-11fb">
         <name>TA2_N_IRQHandler</name>
         <value>0xa8f7</value>
      </symbol>
      <symbol id="sm-11fc">
         <name>TA3_0_IRQHandler</name>
         <value>0xa8f7</value>
      </symbol>
      <symbol id="sm-11fd">
         <name>TA3_N_IRQHandler</name>
         <value>0xa8f7</value>
      </symbol>
      <symbol id="sm-11fe">
         <name>EUSCIA0_IRQHandler</name>
         <value>0x7619</value>
      </symbol>
      <symbol id="sm-11ff">
         <name>EUSCIA1_IRQHandler</name>
         <value>0xa8f7</value>
      </symbol>
      <symbol id="sm-1200">
         <name>EUSCIA2_IRQHandler</name>
         <value>0x768d</value>
      </symbol>
      <symbol id="sm-1201">
         <name>EUSCIA3_IRQHandler</name>
         <value>0xa8f7</value>
      </symbol>
      <symbol id="sm-1202">
         <name>EUSCIB0_IRQHandler</name>
         <value>0xa8f7</value>
      </symbol>
      <symbol id="sm-1203">
         <name>EUSCIB1_IRQHandler</name>
         <value>0xa8f7</value>
      </symbol>
      <symbol id="sm-1204">
         <name>EUSCIB2_IRQHandler</name>
         <value>0xa8f7</value>
      </symbol>
      <symbol id="sm-1205">
         <name>EUSCIB3_IRQHandler</name>
         <value>0xa8f7</value>
      </symbol>
      <symbol id="sm-1206">
         <name>ADC14_IRQHandler</name>
         <value>0x6779</value>
      </symbol>
      <symbol id="sm-1207">
         <name>T32_INT1_IRQHandler</name>
         <value>0xa8f7</value>
      </symbol>
      <symbol id="sm-1208">
         <name>T32_INT2_IRQHandler</name>
         <value>0xa8f7</value>
      </symbol>
      <symbol id="sm-1209">
         <name>T32_INTC_IRQHandler</name>
         <value>0xa8f7</value>
      </symbol>
      <symbol id="sm-120a">
         <name>AES256_IRQHandler</name>
         <value>0xa8f7</value>
      </symbol>
      <symbol id="sm-120b">
         <name>RTC_C_IRQHandler</name>
         <value>0xa8f7</value>
      </symbol>
      <symbol id="sm-120c">
         <name>DMA_ERR_IRQHandler</name>
         <value>0xa8f7</value>
      </symbol>
      <symbol id="sm-120d">
         <name>DMA_INT3_IRQHandler</name>
         <value>0xa8f7</value>
      </symbol>
      <symbol id="sm-120e">
         <name>DMA_INT2_IRQHandler</name>
         <value>0xa8f7</value>
      </symbol>
      <symbol id="sm-120f">
         <name>DMA_INT1_IRQHandler</name>
         <value>0x4b29</value>
      </symbol>
      <symbol id="sm-1210">
         <name>DMA_INT0_IRQHandler</name>
         <value>0xa8f7</value>
      </symbol>
      <symbol id="sm-1211">
         <name>PORT1_IRQHandler</name>
         <value>0xa8f7</value>
      </symbol>
      <symbol id="sm-1212">
         <name>PORT2_IRQHandler</name>
         <value>0xa8f7</value>
      </symbol>
      <symbol id="sm-1213">
         <name>PORT3_IRQHandler</name>
         <value>0xa8f7</value>
      </symbol>
      <symbol id="sm-1214">
         <name>PORT4_IRQHandler</name>
         <value>0xa8f7</value>
      </symbol>
      <symbol id="sm-1215">
         <name>PORT5_IRQHandler</name>
         <value>0xa8f7</value>
      </symbol>
      <symbol id="sm-1216">
         <name>PORT6_IRQHandler</name>
         <value>0xa8f7</value>
      </symbol>
   </symbol_table>
   <title>Link successful</title>
</link_info>
