******************************************************************************
                  TI ARM Linker PC v20.2.7                     
******************************************************************************
>> Linked Sat Feb  3 17:29:43 2024

OUTPUT FILE NAME:   <Bike-Computer.out>
ENTRY POINT SYMBOL: "_c_int00_noargs"  address: 0000a335


MEMORY CONFIGURATION

         name            origin    length      used     unused   attr    fill
----------------------  --------  ---------  --------  --------  ----  --------
  MAIN                  00000000   00040000  0000be30  000341d0  R  X
  INFO                  00200000   00004000  00000000  00004000  R  X
  SRAM_CODE             01000000   00010000  00000fd2  0000f02e  RW X
  SRAM_DATA             20000000   00010000  00000fd2  0000f02e  RW  


SEGMENT ALLOCATION MAP

run origin  load origin   length   init length attrs members
----------  ----------- ---------- ----------- ----- -------
00000000    00000000    0000be38   0000be38    r-x
  00000000    00000000    000000e4   000000e4    r-- .intvecs
  000000e4    000000e4    0000a860   0000a860    r-x .text
  0000a948    0000a948    0000145c   0000145c    r-- .const
  0000bda8    0000bda8    00000090   00000090    r-- .cinit
20000000    20000000    00000dd3   00000000    rw-
  20000000    20000000    00000cf3   00000000    rw- .bss
  20000cf4    20000cf4    000000df   00000000    rw- .data
2000fe00    2000fe00    00000200   00000000    rw-
  2000fe00    2000fe00    00000200   00000000    rw- .stack


SECTION ALLOCATION MAP

 output                                  attributes/
section   page    origin      length       input sections
--------  ----  ----------  ----------   ----------------
.intvecs   0    00000000    000000e4     
                  00000000    000000e4     startup_msp432p401r_ccs.obj (.intvecs:retain)

.text      0    000000e4    0000a860     
                  000000e4    00002dcc     ff.obj (.text)
                  00002eb0    00001188     mainInterface.obj (.text)
                  00004038    00000a4e     rtsv7M4_T_le_v4SPD16_eabi.lib : _printfi.c.obj (.text:__TI_printfi)
                  00004a86    00000002                                   : div0.asm.obj (.text)
                  00004a88    000009f4     GPS.obj (.text)
                  0000547c    00000814     mmc_MSP432P401r.obj (.text)
                  00005c90    00000684     Crystalfontz128x128_ST7735.obj (.text)
                  00006314    00000514     main.obj (.text)
                  00006828    0000047e     grlib.a : string.obj (.text:Graphics_drawString)
                  00006ca6    00000002     --HOLE-- [fill = 0]
                  00006ca8    00000460     rtsv7M4_T_le_v4SPD16_eabi.lib : strtod.c.obj (.text:strtod)
                  00007108    00000334     system_msp432p401r.obj (.text)
                  0000743c    000002e0     UART_Driver.obj (.text)
                  0000771c    00000270     rtsv7M4_T_le_v4SPD16_eabi.lib : _printfi.c.obj (.text:_pconv_a)
                  0000798c    000001d0                                   : _printfi.c.obj (.text:_pconv_g)
                  00007b5c    000001b6                                   : fd_add_t2.asm.obj (.text)
                  00007d12    00000002     --HOLE-- [fill = 0]
                  00007d14    00000160     msp432p4xx_driverlib.lib : adc14.o (.text:_getIndexForMemRegister)
                  00007e74    0000015c                              : pcm.o (.text:__PCM_setPowerModeAdvanced)
                  00007fd0    00000154     GPX.obj (.text)
                  00008124    0000013c     rtsv7M4_T_le_v4SPD16_eabi.lib : _printfi.c.obj (.text:_pconv_e)
                  00008260    00000136                                   : fd_div_t2.asm.obj (.text)
                  00008396    00000002     --HOLE-- [fill = 0]
                  00008398    00000130                                   : strtol.c.obj (.text:strtol)
                  000084c8    0000012a     diskio.obj (.text)
                  000085f2    00000002     --HOLE-- [fill = 0]
                  000085f4    00000124     rtsv7M4_T_le_v4SPD16_eabi.lib : _printfi.c.obj (.text:fcvt)
                  00008718    0000011c     msp432p4xx_driverlib.lib : uart.o (.text:UART_initModule)
                  00008834    00000110     rtsv7M4_T_le_v4SPD16_eabi.lib : s_scalbn.c.obj (.text:scalbn)
                  00008944    00000108     msp432p4xx_driverlib.lib : pcm.o (.text:__PCM_setCoreVoltageLevelAdvanced)
                  00008a4c    000000fc     TIMERA_Driver.obj (.text)
                  00008b48    000000fc     rtsv7M4_T_le_v4SPD16_eabi.lib : fd_mul_t2.asm.obj (.text)
                  00008c44    000000fa     grlib.a : string.obj (.text:Graphics_getStringWidth)
                  00008d3e    00000002     --HOLE-- [fill = 0]
                  00008d40    000000f0     msp432p4xx_driverlib.lib : dma.o (.text:DMA_setChannelTransfer)
                  00008e30    000000d0     SPI_Driver.obj (.text)
                  00008f00    000000b4     msp432p4xx_driverlib.lib : adc14.o (.text:ADC14_configureConversionMemory)
                  00008fb4    000000b4                              : adc14.o (.text:ADC14_configureMultiSequenceMode)
                  00009068    000000b4     HAL_MSP_EXP432P401R_Crystalfontz128x128_ST7735.obj (.text)
                  0000911c    000000b1     rtsv7M4_T_le_v4SPD16_eabi.lib : _printfi.c.obj (.text:_ltostr)
                  000091cd    00000001     --HOLE-- [fill = 0]
                  000091ce    000000b0     msp432p4xx_driverlib.lib : spi.o (.text:SPI_initMaster)
                  0000927e    000000a2     grlib.a : rectangle.obj (.text:Graphics_drawRectangle)
                  00009320    0000009c             : line.obj (.text:Graphics_drawLineH)
                  000093bc    0000009c             : line.obj (.text:Graphics_drawLineV)
                  00009458    0000009c     rtsv7M4_T_le_v4SPD16_eabi.lib : memcpy_t2.asm.obj (.text)
                  000094f4    00000096                                   : ull_div_t2.asm.obj (.text)
                  0000958a    00000090     adc.obj (.text)
                  0000961a    00000002     --HOLE-- [fill = 0]
                  0000961c    00000088     msp432p4xx_driverlib.lib : gpio.o (.text:GPIO_setAsPeripheralModuleFunctionInputPin)
                  000096a4    00000088                              : gpio.o (.text:GPIO_setAsPeripheralModuleFunctionOutputPin)
                  0000972c    00000086     rtsv7M4_T_le_v4SPD16_eabi.lib : fd_cmp_t2.asm.obj (.text:__aeabi_cdcmple)
                  000097b2    00000086                                   : fd_cmp_t2.asm.obj (.text:__aeabi_cdrcmple)
                  00009838    00000080     msp432p4xx_driverlib.lib : interrupt.o (.text:Interrupt_disableInterrupt)
                  000098b8    00000080                              : interrupt.o (.text:Interrupt_enableInterrupt)
                  00009938    0000007a     rtsv7M4_T_le_v4SPD16_eabi.lib : memset_t2.asm.obj (.text)
                  000099b2    0000006e                                   : _printfi.c.obj (.text:_mcpy)
                  00009a20    0000006e                                   : fd_tos_t2.asm.obj (.text)
                  00009a8e    00000068                                   : copy_decompress_lzss.c.obj (.text:decompress:lzss:__TI_decompress_lzss)
                  00009af6    00000064     msp432p4xx_driverlib.lib : uart.o (.text:UART_getEnabledInterruptStatus)
                  00009b5a    00000002     --HOLE-- [fill = 0]
                  00009b5c    00000064     rtsv7M4_T_le_v4SPD16_eabi.lib : s_frexp.c.obj (.text:frexp)
                  00009bc0    0000005e     msp432p4xx_driverlib.lib : pcm.o (.text:PCM_getCoreVoltageLevel)
                  00009c1e    0000005a                              : pcm.o (.text:PCM_getPowerMode)
                  00009c78    00000056     rtsv7M4_T_le_v4SPD16_eabi.lib : _printfi.c.obj (.text:_pconv_f)
                  00009cce    00000002     --HOLE-- [fill = 0]
                  00009cd0    00000054     msp432p4xx_driverlib.lib : adc14.o (.text:ADC14_initModule)
                  00009d24    00000054     GPIO_Driver.obj (.text)
                  00009d78    00000054     rtsv7M4_T_le_v4SPD16_eabi.lib : _ltoa.c.obj (.text:__TI_ltoa)
                  00009dcc    00000052     grlib.a : context.obj (.text:Graphics_initContext)
                  00009e1e    00000052     rtsv7M4_T_le_v4SPD16_eabi.lib : _printfi.c.obj (.text:_ecpy)
                  00009e70    00000050     temperature.obj (.text)
                  00009ec0    0000004c     rtsv7M4_T_le_v4SPD16_eabi.lib : atoi.c.obj (.text:atoi)
                  00009f0c    0000004c                                   : snprintf.c.obj (.text:snprintf)
                  00009f58    00000048     msp432p4xx_driverlib.lib : flash.o (.text:FlashCtl_setWaitState)
                  00009fa0    00000048     grlib.a : string.obj (.text:Graphics_drawStringCentered)
                  00009fe8    00000048     rtsv7M4_T_le_v4SPD16_eabi.lib : fd_toi_t2.asm.obj (.text)
                  0000a030    00000044                                   : autoinit.c.obj (.text:__TI_auto_init_nobinit_nopinit:__TI_auto_init_nobinit_nopinit)
                  0000a074    00000040     msp432p4xx_driverlib.lib : gpio.o (.text:GPIO_setAsOutputPin)
                  0000a0b4    00000040     grlib.a : string.obj (.text:Graphics_getNumberOfLeadingZeros)
                  0000a0f4    00000040     msp432p4xx_driverlib.lib : spi.o (.text:is_A_Module)
                  0000a134    00000040     rtsv7M4_T_le_v4SPD16_eabi.lib : strtok.c.obj (.text:strtok)
                  0000a174    0000003e                                   : _printfi.c.obj (.text:_fcpy)
                  0000a1b2    00000002     --HOLE-- [fill = 0]
                  0000a1b4    0000003c     msp432p4xx_driverlib.lib : dma.o (.text:DMA_setChannelControl)
                  0000a1f0    00000038                              : adc14.o (.text:ADC14_getEnabledInterruptStatus)
                  0000a228    00000038     rtsv7M4_T_le_v4SPD16_eabi.lib : fs_tod_t2.asm.obj (.text)
                  0000a260    00000036     grlib.a : display.obj (.text:Graphics_drawHorizontalLineOnDisplay)
                  0000a296    00000036             : display.obj (.text:Graphics_drawVerticalLineOnDisplay)
                  0000a2cc    00000034     msp432p4xx_driverlib.lib : adc14.o (.text:ADC14_enableSampleTimer)
                  0000a300    00000034                              : cs.o (.text:CS_setDCOCenteredFrequency)
                  0000a334    00000034     rtsv7M4_T_le_v4SPD16_eabi.lib : boot_cortex_m.c.obj (.text:_c_int00_noargs:_c_int00_noargs)
                  0000a368    00000030     msp432p4xx_driverlib.lib : adc14.o (.text:ADC14_clearInterruptFlag)
                  0000a398    00000030                              : adc14.o (.text:ADC14_enableInterrupt)
                  0000a3c8    00000030                              : adc14.o (.text:ADC14_setSampleHoldTime)
                  0000a3f8    00000030     rtsv7M4_T_le_v4SPD16_eabi.lib : snprintf.c.obj (.text:_outs)
                  0000a428    0000002e                                   : i_tofd_t2.asm.obj (.text)
                  0000a456    00000002     --HOLE-- [fill = 0]
                  0000a458    0000002c     msp432p4xx_driverlib.lib : adc14.o (.text:ADC14_getInterruptStatus)
                  0000a484    0000002c                              : adc14.o (.text:ADC14_toggleConversionTrigger)
                  0000a4b0    0000002c     grlib.a : display.obj (.text:Graphics_drawPixelOnDisplay)
                  0000a4dc    0000002a     rtsv7M4_T_le_v4SPD16_eabi.lib : strspn.c.obj (.text:strspn)
                  0000a506    00000002     --HOLE-- [fill = 0]
                  0000a508    00000028     msp432p4xx_driverlib.lib : adc14.o (.text:ADC14_enableConversion)
                  0000a530    00000028                              : adc14.o (.text:ADC14_getResult)
                  0000a558    00000028                              : gpio.o (.text:GPIO_setOutputHighOnPin)
                  0000a580    00000028                              : gpio.o (.text:GPIO_setOutputLowOnPin)
                  0000a5a8    00000024     SD_Driver.obj (.text)
                  0000a5cc    00000024     msp432p4xx_driverlib.lib : wdt_a.o (.text:WDT_A_holdTimer)
                  0000a5f0    00000024     rtsv7M4_T_le_v4SPD16_eabi.lib : strcspn.c.obj (.text:strcspn)
                  0000a614    00000022     CS_Driver.obj (.text)
                  0000a636    00000002     --HOLE-- [fill = 0]
                  0000a638    00000020     DMAModule.obj (.text)
                  0000a658    00000020     msp432p4xx_driverlib.lib : ref_a.o (.text:REF_A_setReferenceVoltage)
                  0000a678    0000001c                              : spi.o (.text:SPI_enableModule)
                  0000a694    0000001c                              : sysctl.o (.text:SysCtl_getTempCalibrationConstant)
                  0000a6b0    0000001c     rtsv7M4_T_le_v4SPD16_eabi.lib : memccpy.c.obj (.text:memccpy)
                  0000a6cc    0000001a     grlib.a : display.obj (.text:Graphics_clearDisplayOnDisplay)
                  0000a6e6    0000001a             : context.obj (.text:Graphics_setBackgroundColor)
                  0000a700    0000001a             : context.obj (.text:Graphics_setFont)
                  0000a71a    0000001a     rtsv7M4_T_le_v4SPD16_eabi.lib : s_copysign.c.obj (.text:copysign)
                  0000a734    00000018     msp432p4xx_driverlib.lib : uart.o (.text:UART_getInterruptStatus)
                  0000a74c    00000018     rtsv7M4_T_le_v4SPD16_eabi.lib : snprintf.c.obj (.text:_outc)
                  0000a764    00000018                                   : strcmp.c.obj (.text:strcmp)
                  0000a77c    00000016     msp432p4xx_driverlib.lib : spi.o (.text:EUSCI_A_SPI_enable)
                  0000a792    00000016                              : spi.o (.text:EUSCI_B_SPI_enable)
                  0000a7a8    00000016     grlib.a : context.obj (.text:Graphics_setForegroundColor)
                  0000a7be    00000016             : display.obj (.text:Graphics_translateColorOnDisplay)
                  0000a7d4    00000016     rtsv7M4_T_le_v4SPD16_eabi.lib : strchr.c.obj (.text:strchr)
                  0000a7ea    00000002     --HOLE-- [fill = 0]
                  0000a7ec    00000014     msp432p4xx_driverlib.lib : pcm.o (.text:PCM_getPowerState)
                  0000a800    00000014     rtsv7M4_T_le_v4SPD16_eabi.lib : strcpy.c.obj (.text:strcpy)
                  0000a814    00000014                                   : strlen.c.obj (.text:strlen)
                  0000a828    00000012     grlib.a : context.obj (.text:Graphics_clearDisplay)
                  0000a83a    00000012             : display.obj (.text:Graphics_flushOnDisplay)
                  0000a84c    00000012     rtsv7M4_T_le_v4SPD16_eabi.lib : atof.c.obj (.text:atof)
                  0000a85e    00000012                                   : wcslen.c.obj (.text:wcslen)
                  0000a870    00000010     msp432p4xx_driverlib.lib : adc14.o (.text:ADCIsConversionRunning)
                  0000a880    00000010                              : interrupt.o (.text:Interrupt_disableSleepOnIsrExit)
                  0000a890    00000010                              : interrupt.o (.text:Interrupt_enableMaster)
                  0000a8a0    00000010                              : pcm.o (.text:PCM_setCoreVoltageLevel)
                  0000a8b0    00000010                              : pcm.o (.text:PCM_setPowerMode)
                  0000a8c0    0000000e     grlib.a : context.obj (.text:Graphics_flushBuffer)
                  0000a8ce    0000000e     msp432p4xx_driverlib.lib : uart.o (.text:UART_getReceiveBufferAddressForDMA)
                  0000a8dc    0000000e     rtsv7M4_T_le_v4SPD16_eabi.lib : copy_decompress_none.c.obj (.text:decompress:none:__TI_decompress_none)
                  0000a8ea    0000000e     startup_msp432p401r_ccs.obj (.text)
                  0000a8f8    0000000c     msp432p4xx_driverlib.lib : adc14.o (.text:ADC14_enableModule)
                  0000a904    0000000c                              : cpu.o (.text:CPU_cpsie)
                  0000a910    0000000c                              : ref_a.o (.text:REF_A_enableReferenceVoltage)
                  0000a91c    0000000c                              : ref_a.o (.text:REF_A_enableTempSensor)
                  0000a928    0000000c     rtsv7M4_T_le_v4SPD16_eabi.lib : copy_zero_init.c.obj (.text:decompress:ZI:__TI_zero_init)
                  0000a934    00000008                                   : errno.c.obj (.text:__aeabi_errno_addr)
                  0000a93c    00000004                                   : pre_init.c.obj (.text:_system_pre_init)
                  0000a940    00000004                                   : exit.c.obj (.text:abort:abort)

.const     0    0000a948    0000145c     
                  0000a948    0000096f     grlib.a : fontcmtt24.obj (.const:.string:g_pucCmtt24Data)
                  0000b2b7    00000001     --HOLE-- [fill = 0]
                  0000b2b8    0000032c     GPX.obj (.const:.string)
                  0000b5e4    000002f8     grlib.a : fontfixed6x8.obj (.const:.string:g_pucFontFixed6x8Data)
                  0000b8dc    00000101     rtsv7M4_T_le_v4SPD16_eabi.lib : ctype.c.obj (.const:.string:_ctypes_)
                  0000b9dd    00000003     --HOLE-- [fill = 0]
                  0000b9e0    000000c8                                   : strtod.c.obj (.const:$O1$$)
                  0000baa8    000000c8     grlib.a : fontcmtt24.obj (.const:g_sFontCmtt24)
                  0000bb70    000000c8             : fontfixed6x8.obj (.const:g_sFontFixed6x8)
                  0000bc38    00000080     msp432p4xx_driverlib.lib : adc14.o (.const:_ctlRegs)
                  0000bcb8    00000030                              : gpio.o (.const:GPIO_PORT_TO_BASE)
                  0000bce8    00000028     mainInterface.obj (.const:.string:$P$T0$1)
                  0000bd10    00000028     mainInterface.obj (.const:.string:$P$T1$2)
                  0000bd38    00000028     GPS.obj (.const:uartConfig)
                  0000bd60    00000020     Crystalfontz128x128_ST7735.obj (.const:g_sCrystalfontz128x128_funcs)
                  0000bd80    0000000a     ff.obj (.const:.string:DbcTbl)
                  0000bd8a    00000008     Crystalfontz128x128_ST7735.obj (.const:$P$T0$1)
                  0000bd92    00000002     --HOLE-- [fill = 0]
                  0000bd94    00000008     msp432p4xx_driverlib.lib : interrupt.o (.const:g_pulDisRegs)
                  0000bd9c    00000008                              : interrupt.o (.const:g_pulEnRegs)

.cinit     0    0000bda8    00000090     
                  0000bda8    0000006b     (.cinit..data.load) [load image, compression = lzss]
                  0000be13    00000001     --HOLE-- [fill = 0]
                  0000be14    0000000c     (__TI_handler_table)
                  0000be20    00000008     (.cinit..bss.load) [load image, compression = zero_init]
                  0000be28    00000010     (__TI_cinit_table)

.init_array 
*          0    00000000    00000000     UNINITIALIZED

.binit     0    00000000    00000000     

.bss       0    20000000    00000cf3     UNINITIALIZED
                  20000000    00000230     (.common:FS)
                  20000230    00000228     (.common:file)
                  20000458    00000200     (.common:gpsUartBuffer)
                  20000658    000001a8     (.common:gpsGSVData)
                  20000800    00000200     DMAModule.obj (.bss:MSP_EXP432P401RLP_DMAControlTable)
                  20000a00    00000080     (.common:UARTA0Data)
                  20000a80    00000080     (.common:UARTA2Data)
                  20000b00    00000060     (.common:gpsRMCData)
                  20000b60    00000038     (.common:gpsGGAData)
                  20000b98    0000002c     (.common:DI)
                  20000bc4    0000002c     (.common:FI)
                  20000bf0    0000002c     (.common:myParamStruct)
                  20000c1c    0000001d     (.common:gpsGSAData)
                  20000c39    00000001     (.common:Lcd_FlagRead)
                  20000c3a    00000002     ff.obj (.bss)
                  20000c3c    0000001c     (.common:g_sContext)
                  20000c58    0000001c     (.common:g_sContextBig)
                  20000c74    0000001c     (.common:g_sContextSelected)
                  20000c90    0000001a     (.common:gpsVTGData)
                  20000caa    00000002     (.common:Lcd_ScreenHeigth)
                  20000cac    00000014     (.common:myParamStruct2)
                  20000cc0    00000009     mmc_MSP432P401r.obj (.bss)
                  20000cc9    00000001     (.common:Lcd_FontSolid)
                  20000cca    00000002     (.common:Lcd_ScreenWidth)
                  20000ccc    00000004     ff.obj (.bss:FatFs)
                  20000cd0    00000004     (.common:UARTA0ReadIndex)
                  20000cd4    00000004     (.common:UARTA0WriteIndex)
                  20000cd8    00000004     (.common:UARTA2ReadIndex)
                  20000cdc    00000004     (.common:UARTA2WriteIndex)
                  20000ce0    00000004     (.common:cal30)
                  20000ce4    00000004     (.common:cal85)
                  20000ce8    00000004     (.common:calDifference)
                  20000cec    00000002     (.common:Lcd_TouchTrim)
                  20000cee    00000002     (.common:conRes)
                  20000cf0    00000001     (.common:Lcd_Orientation)
                  20000cf1    00000001     (.common:Lcd_PenSolid)
                  20000cf2    00000001     (.common:flagTemp)

.data      0    20000cf4    000000df     UNINITIALIZED
                  20000cf4    00000034     mainInterface.obj (.data)
                  20000d28    00000028     main.obj (.data:UART0Config)
                  20000d50    0000001c     main.obj (.data:SPI0MasterConfig)
                  20000d6c    00000018     SD_Driver.obj (.data:upConfig)
                  20000d84    00000010     Crystalfontz128x128_ST7735.obj (.data:g_sCrystalfontz128x128)
                  20000d94    0000000c     GPX.obj (.data)
                  20000da0    00000008     TIMERA_Driver.obj (.data)
                  20000da8    00000008     mainInterface.obj (.data:instSpeed)
                  20000db0    00000008     mainInterface.obj (.data:multipleData)
                  20000db8    00000008     mainInterface.obj (.data:tripTime)
                  20000dc0    00000004     rtsv7M4_T_le_v4SPD16_eabi.lib : errno.c.obj (.data)
                  20000dc4    00000004                                   : strtok.c.obj (.data)
                  20000dc8    00000004     system_msp432p401r.obj (.data)
                  20000dcc    00000003     main.obj (.data)
                  20000dcf    00000002     GPS.obj (.data)
                  20000dd1    00000002     mmc_MSP432P401r.obj (.data)

.stack     0    2000fe00    00000200     UNINITIALIZED
                  2000fe00    00000004     rtsv7M4_T_le_v4SPD16_eabi.lib : boot_cortex_m.c.obj (.stack)
                  2000fe04    000001fc     --HOLE--

__llvm_prf_cnts 
*          0    20000000    00000000     UNINITIALIZED

MODULE SUMMARY

       Module                                               code    ro data   rw data
       ------                                               ----    -------   -------
    .\
       mainInterface.obj                                    4488    80        448    
       GPS.obj                                              2548    40        2290   
       main.obj                                             1300    0         2548   
       GPX.obj                                              340     812       24     
       DMAModule.obj                                        32      0         1024   
       system_msp432p401r.obj                               820     0         8      
       startup_msp432p401r_ccs.obj                          14      228       0      
       adc.obj                                              144     0         0      
       temperature.obj                                      80      0         24     
    +--+----------------------------------------------------+-------+---------+---------+
       Total:                                               9766    1160      6366   
                                                                                     
    .\Hardware\
       UART_Driver.obj                                      736     0         544    
       TIMERA_Driver.obj                                    252     0         16     
       SPI_Driver.obj                                       208     0         0      
       GPIO_Driver.obj                                      84      0         0      
       SD_Driver.obj                                        36      0         48     
       CS_Driver.obj                                        34      0         0      
    +--+----------------------------------------------------+-------+---------+---------+
       Total:                                               1350    0         608    
                                                                                     
    .\LcdDriver\
       Crystalfontz128x128_ST7735.obj                       1668    40        52     
       HAL_MSP_EXP432P401R_Crystalfontz128x128_ST7735.obj   180     0         0      
    +--+----------------------------------------------------+-------+---------+---------+
       Total:                                               1848    40        52     
                                                                                     
    .\fatfs\
       ff.obj                                               11724   10        12     
       mmc_MSP432P401r.obj                                  2068    0         22     
       diskio.obj                                           298     0         0      
    +--+----------------------------------------------------+-------+---------+---------+
       Total:                                               14090   10        34     
                                                                                     
    C:/Users/User/simplelink_msp432p4_sdk_3_40_01_02/simplelink_msp432p4_sdk_3_40_01_02/source/ti/devices/msp432p4xx/driverlib/ccs/msp432p4xx_driverlib.lib
       adc14.o                                              1244    128       0      
       pcm.o                                                848     0         0      
       gpio.o                                               416     48        0      
       uart.o                                               422     0         0      
       spi.o                                                312     0         0      
       interrupt.o                                          288     16        0      
       dma.o                                                300     0         0      
       flash.o                                              72      0         0      
       ref_a.o                                              56      0         0      
       cs.o                                                 52      0         0      
       wdt_a.o                                              36      0         0      
       sysctl.o                                             28      0         0      
       cpu.o                                                12      0         0      
    +--+----------------------------------------------------+-------+---------+---------+
       Total:                                               4086    192       0      
                                                                                     
    C:/Users/User/simplelink_msp432p4_sdk_3_40_01_02/simplelink_msp432p4_sdk_3_40_01_02/source/ti/grlib/lib/ccs/m4f/grlib.a
       fontcmtt24.obj                                       0       2615      0      
       string.obj                                           1536    0         0      
       fontfixed6x8.obj                                     0       960       0      
       line.obj                                             312     0         0      
       display.obj                                          218     0         0      
       context.obj                                          188     0         0      
       rectangle.obj                                        162     0         0      
    +--+----------------------------------------------------+-------+---------+---------+
       Total:                                               2416    3575      0      
                                                                                     
    C:\ti\ccs1250\ccs\tools\compiler\ti-cgt-arm_20.2.7.LTS\lib\rtsv7M4_T_le_v4SPD16_eabi.lib
       _printfi.c.obj                                       4851    0         0      
       strtod.c.obj                                         1120    200       0      
       fd_add_t2.asm.obj                                    438     0         0      
       fd_div_t2.asm.obj                                    310     0         0      
       strtol.c.obj                                         304     0         0      
       s_scalbn.c.obj                                       272     0         0      
       fd_cmp_t2.asm.obj                                    268     0         0      
       ctype.c.obj                                          0       257       0      
       fd_mul_t2.asm.obj                                    252     0         0      
       memcpy_t2.asm.obj                                    156     0         0      
       ull_div_t2.asm.obj                                   150     0         0      
       snprintf.c.obj                                       148     0         0      
       memset_t2.asm.obj                                    122     0         0      
       fd_tos_t2.asm.obj                                    110     0         0      
       copy_decompress_lzss.c.obj                           104     0         0      
       s_frexp.c.obj                                        100     0         0      
       _ltoa.c.obj                                          84      0         0      
       atoi.c.obj                                           76      0         0      
       fd_toi_t2.asm.obj                                    72      0         0      
       strtok.c.obj                                         64      0         8      
       autoinit.c.obj                                       68      0         0      
       fs_tod_t2.asm.obj                                    56      0         0      
       boot_cortex_m.c.obj                                  52      0         0      
       i_tofd_t2.asm.obj                                    46      0         0      
       strspn.c.obj                                         42      0         0      
       strcspn.c.obj                                        36      0         0      
       memccpy.c.obj                                        28      0         0      
       s_copysign.c.obj                                     26      0         0      
       strcmp.c.obj                                         24      0         0      
       strchr.c.obj                                         22      0         0      
       strcpy.c.obj                                         20      0         0      
       strlen.c.obj                                         20      0         0      
       atof.c.obj                                           18      0         0      
       wcslen.c.obj                                         18      0         0      
       errno.c.obj                                          8       0         8      
       copy_decompress_none.c.obj                           14      0         0      
       copy_zero_init.c.obj                                 12      0         0      
       exit.c.obj                                           4       0         0      
       pre_init.c.obj                                       4       0         0      
       div0.asm.obj                                         2       0         0      
    +--+----------------------------------------------------+-------+---------+---------+
       Total:                                               9521    457       16     
                                                                                     
       Stack:                                               0       0         1024   
       Linker Generated:                                    0       143       0      
    +--+----------------------------------------------------+-------+---------+---------+
       Grand Total:                                         43077   5577      8100   


LINKER GENERATED COPY TABLES

__TI_cinit_table @ 0000be28 records: 2, size/record: 8, table size: 16
	.data: load addr=0000bda8, load size=0000006b bytes, run addr=20000cf4, run size=000000df bytes, compression=lzss
	.bss: load addr=0000be20, load size=00000008 bytes, run addr=20000000, run size=00000cf3 bytes, compression=zero_init


LINKER GENERATED HANDLER TABLE

__TI_handler_table @ 0000be14 records: 3, size/record: 4, table size: 12
	index: 0, handler: __TI_decompress_lzss
	index: 1, handler: __TI_decompress_none
	index: 2, handler: __TI_zero_init


GLOBAL SYMBOLS: SORTED ALPHABETICALLY BY Name 

address   name                                       
-------   ----                                       
00006779  ADC14_IRQHandler                           
00006779  ADC14_IRQHandler                           
0000a369  ADC14_clearInterruptFlag                   
00008f01  ADC14_configureConversionMemory            
00008fb5  ADC14_configureMultiSequenceMode           
0000a509  ADC14_enableConversion                     
0000a399  ADC14_enableInterrupt                      
0000a8f9  ADC14_enableModule                         
0000a2cd  ADC14_enableSampleTimer                    
0000a1f1  ADC14_getEnabledInterruptStatus            
0000a459  ADC14_getInterruptStatus                   
0000a531  ADC14_getResult                            
00009cd1  ADC14_initModule                           
0000a3c9  ADC14_setSampleHoldTime                    
0000a485  ADC14_toggleConversionTrigger              
0000a8f7  AES256_IRQHandler                          
0000a8f7  BusFault_Handler                           
0000a941  C$$EXIT                                    
0000a8f7  COMP_E0_IRQHandler                         
0000a8f7  COMP_E1_IRQHandler                         
0000a905  CPU_cpsie                                  
0000a8f7  CS_IRQHandler                              
0000a615  CS_Init                                    
0000a301  CS_setDCOCenteredFrequency                 
00005c91  Crystalfontz128x128_Init                   
00005da9  Crystalfontz128x128_SetDrawFrame           
00005ed7  Crystalfontz128x128_SetOrientation         
20000b98  DI                                         
0000a8f7  DMA_ERR_IRQHandler                         
0000a8f7  DMA_INT0_IRQHandler                        
00004b29  DMA_INT1_IRQHandler                        
00004b29  DMA_INT1_IRQHandler                        
0000a8f7  DMA_INT2_IRQHandler                        
0000a8f7  DMA_INT3_IRQHandler                        
0000a1b5  DMA_setChannelControl                      
00008d41  DMA_setChannelTransfer                     
0000a8f7  DebugMon_Handler                           
0000a8f7  Default_Handler                            
00007619  EUSCIA0_IRQHandler                         
00007619  EUSCIA0_IRQHandler                         
0000a8f7  EUSCIA1_IRQHandler                         
0000768d  EUSCIA2_IRQHandler                         
0000768d  EUSCIA2_IRQHandler                         
0000a8f7  EUSCIA3_IRQHandler                         
0000a8f7  EUSCIB0_IRQHandler                         
0000a8f7  EUSCIB1_IRQHandler                         
0000a8f7  EUSCIB2_IRQHandler                         
0000a8f7  EUSCIB3_IRQHandler                         
0000a77d  EUSCI_A_SPI_enable                         
0000a793  EUSCI_B_SPI_enable                         
20000bc4  FI                                         
0000a8f7  FLCTL_IRQHandler                           
0000a8f7  FPU_IRQHandler                             
20000000  FS                                         
00009f59  FlashCtl_setWaitState                      
00009d3f  GPIO_High                                  
00009d25  GPIO_Init                                  
00009d59  GPIO_Low                                   
0000a075  GPIO_setAsOutputPin                        
0000961d  GPIO_setAsPeripheralModuleFunctionInputPin 
000096a5  GPIO_setAsPeripheralModuleFunctionOutputPin
0000a559  GPIO_setOutputHighOnPin                    
0000a581  GPIO_setOutputLowOnPin                     
00008047  GPXAddNewTrackSegment                      
0000801d  GPXAddTrack                                
00007ff9  GPXAddTrackName                            
0000805d  GPXAddTrackPoint                           
00008039  GPXAddTrackSegment                         
0000800b  GPXAddTrackType                            
000080a1  GPXCloseFile                               
00008093  GPXCloseTrack                              
00008085  GPXCloseTrackSegment                       
00007fd1  GPXInitFile                                
20000d94  GPX_HEADER                                 
20000d9c  GPX_METADATA                               
20000d98  GPX_TRACK_POINT                            
0000a829  Graphics_clearDisplay                      
0000a6cd  Graphics_clearDisplayOnDisplay             
0000a261  Graphics_drawHorizontalLineOnDisplay       
00009321  Graphics_drawLineH                         
000093bd  Graphics_drawLineV                         
0000a4b1  Graphics_drawPixelOnDisplay                
0000927f  Graphics_drawRectangle                     
00006829  Graphics_drawString                        
00009fa1  Graphics_drawStringCentered                
0000a297  Graphics_drawVerticalLineOnDisplay         
0000a8c1  Graphics_flushBuffer                       
0000a83b  Graphics_flushOnDisplay                    
00008c45  Graphics_getStringWidth                    
00009dcd  Graphics_initContext                       
0000a6e7  Graphics_setBackgroundColor                
0000a701  Graphics_setFont                           
0000a7a9  Graphics_setForegroundColor                
0000a7bf  Graphics_translateColorOnDisplay           
00009069  HAL_LCD_PortInit                           
00009099  HAL_LCD_SpiInit                            
000090bd  HAL_LCD_writeCommand                       
000090ed  HAL_LCD_writeData                          
0000a8f7  HardFault_Handler                          
00009839  Interrupt_disableInterrupt                 
0000a881  Interrupt_disableSleepOnIsrExit            
000098b9  Interrupt_enableInterrupt                  
0000a891  Interrupt_enableMaster                     
20000c39  Lcd_FlagRead                               
20000cc9  Lcd_FontSolid                              
20000cf0  Lcd_Orientation                            
20000cf1  Lcd_PenSolid                               
20000caa  Lcd_ScreenHeigth                           
20000cca  Lcd_ScreenWidth                            
20000cec  Lcd_TouchTrim                              
00005735  MMC_disk_initialize                        
00005a41  MMC_disk_ioctl                             
000058d9  MMC_disk_read                              
000058d3  MMC_disk_status                            
0000596f  MMC_disk_write                             
0000a8f7  MemManage_Handler                          
0000a8f7  NMI_Handler                                
0000a8f7  PCM_IRQHandler                             
00009bc1  PCM_getCoreVoltageLevel                    
00009c1f  PCM_getPowerMode                           
0000a7ed  PCM_getPowerState                          
0000a8a1  PCM_setCoreVoltageLevel                    
0000a8b1  PCM_setPowerMode                           
0000a8f7  PORT1_IRQHandler                           
0000a8f7  PORT2_IRQHandler                           
0000a8f7  PORT3_IRQHandler                           
0000a8f7  PORT4_IRQHandler                           
0000a8f7  PORT5_IRQHandler                           
0000a8f7  PORT6_IRQHandler                           
0000a8f7  PSS_IRQHandler                             
0000a8f7  PendSV_Handler                             
0000a911  REF_A_enableReferenceVoltage               
0000a91d  REF_A_enableTempSensor                     
0000a659  REF_A_setReferenceVoltage                  
0000a8f7  RTC_C_IRQHandler                           
0000a8eb  Reset_Handler                              
0000a5a9  SD_Init                                    
20000d50  SPI0MasterConfig                           
00008e31  SPI_Init                                   
00008eb9  SPI_Read                                   
00008e7d  SPI_Write                                  
0000a679  SPI_enableModule                           
000091cf  SPI_initMaster                             
0000a8f7  SVC_Handler                                
0000a695  SysCtl_getTempCalibrationConstant          
0000a8f7  SysTick_Handler                            
20000dc8  SystemCoreClock                            
00007109  SystemCoreClockUpdate                      
00007381  SystemInit                                 
0000a8f7  T32_INT1_IRQHandler                        
0000a8f7  T32_INT2_IRQHandler                        
0000a8f7  T32_INTC_IRQHandler                        
00008b07  TA0_0_IRQHandler                           
00008b07  TA0_0_IRQHandler                           
0000a8f7  TA0_N_IRQHandler                           
00008b17  TA1_0_IRQHandler                           
00008b17  TA1_0_IRQHandler                           
0000a8f7  TA1_N_IRQHandler                           
0000a8f7  TA2_0_IRQHandler                           
0000a8f7  TA2_N_IRQHandler                           
0000a8f7  TA3_0_IRQHandler                           
0000a8f7  TA3_N_IRQHandler                           
00008a4d  TIMERA_Init                                
20000da0  TIMER_A0_CB                                
20000da4  TIMER_A1_CB                                
20000d28  UART0Config                                
20000a00  UARTA0Data                                 
20000cd0  UARTA0ReadIndex                            
20000cd4  UARTA0WriteIndex                           
20000a80  UARTA2Data                                 
20000cd8  UARTA2ReadIndex                            
20000cdc  UARTA2WriteIndex                           
0000743d  UART_Init                                  
00007521  UART_Read                                  
000074e5  UART_Write                                 
00009af7  UART_getEnabledInterruptStatus             
0000a735  UART_getInterruptStatus                    
0000a8cf  UART_getReceiveBufferAddressForDMA         
00008719  UART_initModule                            
0000a8f7  UsageFault_Handler                         
4000480c  WDTCTL_SYM                                 
0000a8f7  WDT_A_IRQHandler                           
0000a5cd  WDT_A_holdTimer                            
20000cf8  XaxisPrev                                  
20000cfc  YaxisPrev                                  
20000d00  Ycounter                                   
20010000  __STACK_END                                
00000200  __STACK_SIZE                               
0000be28  __TI_CINIT_Base                            
0000be38  __TI_CINIT_Limit                           
0000be14  __TI_Handler_Table_Base                    
0000be20  __TI_Handler_Table_Limit                   
0000a031  __TI_auto_init_nobinit_nopinit             
00009a8f  __TI_decompress_lzss                       
0000a8dd  __TI_decompress_none                       
00009d79  __TI_ltoa                                  
ffffffff  __TI_pprof_out_hndl                        
00004039  __TI_printfi                               
ffffffff  __TI_prof_data_size                        
ffffffff  __TI_prof_data_start                       
00000000  __TI_static_base__                         
0000a929  __TI_zero_init                             
0000972d  __aeabi_cdcmpeq                            
0000972d  __aeabi_cdcmple                            
000097b3  __aeabi_cdrcmple                           
00009a21  __aeabi_d2f                                
00009fe9  __aeabi_d2iz                               
00007b67  __aeabi_dadd                               
00008261  __aeabi_ddiv                               
00008b49  __aeabi_dmul                               
00007b5d  __aeabi_dsub                               
0000a935  __aeabi_errno_addr                         
0000a229  __aeabi_f2d                                
0000a429  __aeabi_i2d                                
00004a87  __aeabi_idiv0                              
00004a87  __aeabi_ldiv0                              
00009939  __aeabi_memclr                             
00009939  __aeabi_memclr4                            
00009939  __aeabi_memclr8                            
00009459  __aeabi_memcpy                             
00009459  __aeabi_memcpy4                            
00009459  __aeabi_memcpy8                            
0000993b  __aeabi_memset                             
0000993b  __aeabi_memset4                            
0000993b  __aeabi_memset8                            
000094f5  __aeabi_uldivmod                           
ffffffff  __binit__                                  
ffffffff  __c_args__                                 
UNDEFED   __mpu_init                                 
2000fe00  __stack                                    
20000000  __start___llvm_prf_cnts                    
20000000  __stop___llvm_prf_cnts                     
0000a335  _c_int00_noargs                            
0000b8dc  _ctypes_                                   
UNDEFED   _system_post_cinit                         
0000a93d  _system_pre_init                           
0000a941  abort                                      
0000958b  adcInit                                    
00005341  addPointToGPXFromGPS                       
0000a84d  atof                                       
00009ec1  atoi                                       
ffffffff  binit                                      
20000dcd  btnStartStateP                             
20000dce  btnStopStateP                              
20000ce0  cal30                                      
20000ce4  cal85                                      
20000ce8  calDifference                              
20000dcc  computerState                              
20000cee  conRes                                     
0000a71b  copysign                                   
0000a71b  copysignl                                  
000084fb  disk_initialize                            
000085b5  disk_ioctl                                 
0000852d  disk_read                                  
000084c9  disk_status                                
00005c3d  disk_timerproc                             
00008571  disk_write                                 
0000a639  dmaInit                                    
00002f63  drawGrid1                                  
000034d5  drawGrid2                                  
20000dc0  errno                                      
00001fbf  f_close                                    
000022bd  f_closedir                                 
000023ab  f_getfree                                  
000029b7  f_gets                                     
00001ff1  f_lseek                                    
000026df  f_mkdir                                    
0000172f  f_mount                                    
000017b1  f_open                                     
00002219  f_opendir                                  
00002b33  f_printf                                   
00002ad7  f_putc                                     
00002aff  f_puts                                     
00001a55  f_read                                     
000022df  f_readdir                                  
0000284d  f_rename                                   
00002357  f_stat                                     
00001ef7  f_sync                                     
000024df  f_truncate                                 
000025ed  f_unlink                                   
00001c75  f_write                                    
20000d1c  fahrenheit                                 
20000230  file                                       
20000cf2  flagTemp                                   
00009b5d  frexp                                      
00009b5d  frexpl                                     
20000c3c  g_sContext                                 
20000c58  g_sContextBig                              
20000c74  g_sContextSelected                         
20000d84  g_sCrystalfontz128x128                     
0000bd60  g_sCrystalfontz128x128_funcs               
0000baa8  g_sFontCmtt24                              
0000bb70  g_sFontFixed6x8                            
00004c2d  getDateFromString                          
00005305  getGGAData                                 
00005315  getGSAData                                 
00005319  getGSVData                                 
000052a1  getGpsData                                 
00004ce7  getLatitudeFromString                      
00004d55  getLongitudeFromString                     
0000530d  getRMCData                                 
00004bcd  getTimeFromString                          
0000531d  getVTGData                                 
00005c81  get_fattime                                
00004ab1  gpsDMAConfiguration                        
00004b01  gpsDMARestoreChannel                       
20000b60  gpsGGAData                                 
20000c1c  gpsGSAData                                 
20000658  gpsGSVData                                 
00004e21  gpsParseData                               
20000b00  gpsRMCData                                 
20000dcf  gpsStringEnd                               
20000458  gpsUartBuffer                              
00004a89  gpsUartConfig                              
20000c90  gpsVTGData                                 
00002eb1  graphicsInit                               
00002eed  graphicsInitBigFont                        
00002f29  graphicsInitSelected                       
20000da8  instSpeed                                  
00000000  interruptVectors                           
00008835  ldexp                                      
00008835  ldexpl                                     
00006315  main                                       
0000a6b1  memccpy                                    
00009459  memcpy                                     
00009941  memset                                     
20000d14  metres                                     
20000d24  mih                                        
20000d18  miles                                      
20000d20  ms                                         
20000db0  multipleData                               
20000cf4  myPage                                     
20000bf0  myParamStruct                              
20000cac  myParamStruct2                             
00004b3b  nmeaChecksumValidate                       
00008835  scalbn                                     
00008835  scalbnl                                    
00003ed1  scrollPages                                
20000d08  selectDist                                 
20000d04  selectSpeed                                
20000d10  selectTemp                                 
20000d0c  selectWheel                                
0000309d  showPage1                                  
00003561  showPage2                                  
00003685  showPage3                                  
00003fcf  showPages                                  
00009f0d  snprintf                                   
00004dd1  splitString                                
0000a7d5  strchr                                     
0000a765  strcmp                                     
0000a801  strcpy                                     
0000a5f1  strcspn                                    
0000a815  strlen                                     
0000a4dd  strspn                                     
00006ca9  strtod                                     
0000a135  strtok                                     
00008399  strtol                                     
00006ca9  strtold                                    
00009e71  temperatureInit                            
20000db8  tripTime                                   
0000bd38  uartConfig                                 
20000d6c  upConfig                                   
0000a85f  wcslen                                     


GLOBAL SYMBOLS: SORTED BY Symbol Address 

address   name                                       
-------   ----                                       
00000000  __TI_static_base__                         
00000000  interruptVectors                           
00000200  __STACK_SIZE                               
0000172f  f_mount                                    
000017b1  f_open                                     
00001a55  f_read                                     
00001c75  f_write                                    
00001ef7  f_sync                                     
00001fbf  f_close                                    
00001ff1  f_lseek                                    
00002219  f_opendir                                  
000022bd  f_closedir                                 
000022df  f_readdir                                  
00002357  f_stat                                     
000023ab  f_getfree                                  
000024df  f_truncate                                 
000025ed  f_unlink                                   
000026df  f_mkdir                                    
0000284d  f_rename                                   
000029b7  f_gets                                     
00002ad7  f_putc                                     
00002aff  f_puts                                     
00002b33  f_printf                                   
00002eb1  graphicsInit                               
00002eed  graphicsInitBigFont                        
00002f29  graphicsInitSelected                       
00002f63  drawGrid1                                  
0000309d  showPage1                                  
000034d5  drawGrid2                                  
00003561  showPage2                                  
00003685  showPage3                                  
00003ed1  scrollPages                                
00003fcf  showPages                                  
00004039  __TI_printfi                               
00004a87  __aeabi_idiv0                              
00004a87  __aeabi_ldiv0                              
00004a89  gpsUartConfig                              
00004ab1  gpsDMAConfiguration                        
00004b01  gpsDMARestoreChannel                       
00004b29  DMA_INT1_IRQHandler                        
00004b29  DMA_INT1_IRQHandler                        
00004b3b  nmeaChecksumValidate                       
00004bcd  getTimeFromString                          
00004c2d  getDateFromString                          
00004ce7  getLatitudeFromString                      
00004d55  getLongitudeFromString                     
00004dd1  splitString                                
00004e21  gpsParseData                               
000052a1  getGpsData                                 
00005305  getGGAData                                 
0000530d  getRMCData                                 
00005315  getGSAData                                 
00005319  getGSVData                                 
0000531d  getVTGData                                 
00005341  addPointToGPXFromGPS                       
00005735  MMC_disk_initialize                        
000058d3  MMC_disk_status                            
000058d9  MMC_disk_read                              
0000596f  MMC_disk_write                             
00005a41  MMC_disk_ioctl                             
00005c3d  disk_timerproc                             
00005c81  get_fattime                                
00005c91  Crystalfontz128x128_Init                   
00005da9  Crystalfontz128x128_SetDrawFrame           
00005ed7  Crystalfontz128x128_SetOrientation         
00006315  main                                       
00006779  ADC14_IRQHandler                           
00006779  ADC14_IRQHandler                           
00006829  Graphics_drawString                        
00006ca9  strtod                                     
00006ca9  strtold                                    
00007109  SystemCoreClockUpdate                      
00007381  SystemInit                                 
0000743d  UART_Init                                  
000074e5  UART_Write                                 
00007521  UART_Read                                  
00007619  EUSCIA0_IRQHandler                         
00007619  EUSCIA0_IRQHandler                         
0000768d  EUSCIA2_IRQHandler                         
0000768d  EUSCIA2_IRQHandler                         
00007b5d  __aeabi_dsub                               
00007b67  __aeabi_dadd                               
00007fd1  GPXInitFile                                
00007ff9  GPXAddTrackName                            
0000800b  GPXAddTrackType                            
0000801d  GPXAddTrack                                
00008039  GPXAddTrackSegment                         
00008047  GPXAddNewTrackSegment                      
0000805d  GPXAddTrackPoint                           
00008085  GPXCloseTrackSegment                       
00008093  GPXCloseTrack                              
000080a1  GPXCloseFile                               
00008261  __aeabi_ddiv                               
00008399  strtol                                     
000084c9  disk_status                                
000084fb  disk_initialize                            
0000852d  disk_read                                  
00008571  disk_write                                 
000085b5  disk_ioctl                                 
00008719  UART_initModule                            
00008835  ldexp                                      
00008835  ldexpl                                     
00008835  scalbn                                     
00008835  scalbnl                                    
00008a4d  TIMERA_Init                                
00008b07  TA0_0_IRQHandler                           
00008b07  TA0_0_IRQHandler                           
00008b17  TA1_0_IRQHandler                           
00008b17  TA1_0_IRQHandler                           
00008b49  __aeabi_dmul                               
00008c45  Graphics_getStringWidth                    
00008d41  DMA_setChannelTransfer                     
00008e31  SPI_Init                                   
00008e7d  SPI_Write                                  
00008eb9  SPI_Read                                   
00008f01  ADC14_configureConversionMemory            
00008fb5  ADC14_configureMultiSequenceMode           
00009069  HAL_LCD_PortInit                           
00009099  HAL_LCD_SpiInit                            
000090bd  HAL_LCD_writeCommand                       
000090ed  HAL_LCD_writeData                          
000091cf  SPI_initMaster                             
0000927f  Graphics_drawRectangle                     
00009321  Graphics_drawLineH                         
000093bd  Graphics_drawLineV                         
00009459  __aeabi_memcpy                             
00009459  __aeabi_memcpy4                            
00009459  __aeabi_memcpy8                            
00009459  memcpy                                     
000094f5  __aeabi_uldivmod                           
0000958b  adcInit                                    
0000961d  GPIO_setAsPeripheralModuleFunctionInputPin 
000096a5  GPIO_setAsPeripheralModuleFunctionOutputPin
0000972d  __aeabi_cdcmpeq                            
0000972d  __aeabi_cdcmple                            
000097b3  __aeabi_cdrcmple                           
00009839  Interrupt_disableInterrupt                 
000098b9  Interrupt_enableInterrupt                  
00009939  __aeabi_memclr                             
00009939  __aeabi_memclr4                            
00009939  __aeabi_memclr8                            
0000993b  __aeabi_memset                             
0000993b  __aeabi_memset4                            
0000993b  __aeabi_memset8                            
00009941  memset                                     
00009a21  __aeabi_d2f                                
00009a8f  __TI_decompress_lzss                       
00009af7  UART_getEnabledInterruptStatus             
00009b5d  frexp                                      
00009b5d  frexpl                                     
00009bc1  PCM_getCoreVoltageLevel                    
00009c1f  PCM_getPowerMode                           
00009cd1  ADC14_initModule                           
00009d25  GPIO_Init                                  
00009d3f  GPIO_High                                  
00009d59  GPIO_Low                                   
00009d79  __TI_ltoa                                  
00009dcd  Graphics_initContext                       
00009e71  temperatureInit                            
00009ec1  atoi                                       
00009f0d  snprintf                                   
00009f59  FlashCtl_setWaitState                      
00009fa1  Graphics_drawStringCentered                
00009fe9  __aeabi_d2iz                               
0000a031  __TI_auto_init_nobinit_nopinit             
0000a075  GPIO_setAsOutputPin                        
0000a135  strtok                                     
0000a1b5  DMA_setChannelControl                      
0000a1f1  ADC14_getEnabledInterruptStatus            
0000a229  __aeabi_f2d                                
0000a261  Graphics_drawHorizontalLineOnDisplay       
0000a297  Graphics_drawVerticalLineOnDisplay         
0000a2cd  ADC14_enableSampleTimer                    
0000a301  CS_setDCOCenteredFrequency                 
0000a335  _c_int00_noargs                            
0000a369  ADC14_clearInterruptFlag                   
0000a399  ADC14_enableInterrupt                      
0000a3c9  ADC14_setSampleHoldTime                    
0000a429  __aeabi_i2d                                
0000a459  ADC14_getInterruptStatus                   
0000a485  ADC14_toggleConversionTrigger              
0000a4b1  Graphics_drawPixelOnDisplay                
0000a4dd  strspn                                     
0000a509  ADC14_enableConversion                     
0000a531  ADC14_getResult                            
0000a559  GPIO_setOutputHighOnPin                    
0000a581  GPIO_setOutputLowOnPin                     
0000a5a9  SD_Init                                    
0000a5cd  WDT_A_holdTimer                            
0000a5f1  strcspn                                    
0000a615  CS_Init                                    
0000a639  dmaInit                                    
0000a659  REF_A_setReferenceVoltage                  
0000a679  SPI_enableModule                           
0000a695  SysCtl_getTempCalibrationConstant          
0000a6b1  memccpy                                    
0000a6cd  Graphics_clearDisplayOnDisplay             
0000a6e7  Graphics_setBackgroundColor                
0000a701  Graphics_setFont                           
0000a71b  copysign                                   
0000a71b  copysignl                                  
0000a735  UART_getInterruptStatus                    
0000a765  strcmp                                     
0000a77d  EUSCI_A_SPI_enable                         
0000a793  EUSCI_B_SPI_enable                         
0000a7a9  Graphics_setForegroundColor                
0000a7bf  Graphics_translateColorOnDisplay           
0000a7d5  strchr                                     
0000a7ed  PCM_getPowerState                          
0000a801  strcpy                                     
0000a815  strlen                                     
0000a829  Graphics_clearDisplay                      
0000a83b  Graphics_flushOnDisplay                    
0000a84d  atof                                       
0000a85f  wcslen                                     
0000a881  Interrupt_disableSleepOnIsrExit            
0000a891  Interrupt_enableMaster                     
0000a8a1  PCM_setCoreVoltageLevel                    
0000a8b1  PCM_setPowerMode                           
0000a8c1  Graphics_flushBuffer                       
0000a8cf  UART_getReceiveBufferAddressForDMA         
0000a8dd  __TI_decompress_none                       
0000a8eb  Reset_Handler                              
0000a8f7  AES256_IRQHandler                          
0000a8f7  BusFault_Handler                           
0000a8f7  COMP_E0_IRQHandler                         
0000a8f7  COMP_E1_IRQHandler                         
0000a8f7  CS_IRQHandler                              
0000a8f7  DMA_ERR_IRQHandler                         
0000a8f7  DMA_INT0_IRQHandler                        
0000a8f7  DMA_INT2_IRQHandler                        
0000a8f7  DMA_INT3_IRQHandler                        
0000a8f7  DebugMon_Handler                           
0000a8f7  Default_Handler                            
0000a8f7  EUSCIA1_IRQHandler                         
0000a8f7  EUSCIA3_IRQHandler                         
0000a8f7  EUSCIB0_IRQHandler                         
0000a8f7  EUSCIB1_IRQHandler                         
0000a8f7  EUSCIB2_IRQHandler                         
0000a8f7  EUSCIB3_IRQHandler                         
0000a8f7  FLCTL_IRQHandler                           
0000a8f7  FPU_IRQHandler                             
0000a8f7  HardFault_Handler                          
0000a8f7  MemManage_Handler                          
0000a8f7  NMI_Handler                                
0000a8f7  PCM_IRQHandler                             
0000a8f7  PORT1_IRQHandler                           
0000a8f7  PORT2_IRQHandler                           
0000a8f7  PORT3_IRQHandler                           
0000a8f7  PORT4_IRQHandler                           
0000a8f7  PORT5_IRQHandler                           
0000a8f7  PORT6_IRQHandler                           
0000a8f7  PSS_IRQHandler                             
0000a8f7  PendSV_Handler                             
0000a8f7  RTC_C_IRQHandler                           
0000a8f7  SVC_Handler                                
0000a8f7  SysTick_Handler                            
0000a8f7  T32_INT1_IRQHandler                        
0000a8f7  T32_INT2_IRQHandler                        
0000a8f7  T32_INTC_IRQHandler                        
0000a8f7  TA0_N_IRQHandler                           
0000a8f7  TA1_N_IRQHandler                           
0000a8f7  TA2_0_IRQHandler                           
0000a8f7  TA2_N_IRQHandler                           
0000a8f7  TA3_0_IRQHandler                           
0000a8f7  TA3_N_IRQHandler                           
0000a8f7  UsageFault_Handler                         
0000a8f7  WDT_A_IRQHandler                           
0000a8f9  ADC14_enableModule                         
0000a905  CPU_cpsie                                  
0000a911  REF_A_enableReferenceVoltage               
0000a91d  REF_A_enableTempSensor                     
0000a929  __TI_zero_init                             
0000a935  __aeabi_errno_addr                         
0000a93d  _system_pre_init                           
0000a941  C$$EXIT                                    
0000a941  abort                                      
0000b8dc  _ctypes_                                   
0000baa8  g_sFontCmtt24                              
0000bb70  g_sFontFixed6x8                            
0000bd38  uartConfig                                 
0000bd60  g_sCrystalfontz128x128_funcs               
0000be14  __TI_Handler_Table_Base                    
0000be20  __TI_Handler_Table_Limit                   
0000be28  __TI_CINIT_Base                            
0000be38  __TI_CINIT_Limit                           
20000000  FS                                         
20000000  __start___llvm_prf_cnts                    
20000000  __stop___llvm_prf_cnts                     
20000230  file                                       
20000458  gpsUartBuffer                              
20000658  gpsGSVData                                 
20000a00  UARTA0Data                                 
20000a80  UARTA2Data                                 
20000b00  gpsRMCData                                 
20000b60  gpsGGAData                                 
20000b98  DI                                         
20000bc4  FI                                         
20000bf0  myParamStruct                              
20000c1c  gpsGSAData                                 
20000c39  Lcd_FlagRead                               
20000c3c  g_sContext                                 
20000c58  g_sContextBig                              
20000c74  g_sContextSelected                         
20000c90  gpsVTGData                                 
20000caa  Lcd_ScreenHeigth                           
20000cac  myParamStruct2                             
20000cc9  Lcd_FontSolid                              
20000cca  Lcd_ScreenWidth                            
20000cd0  UARTA0ReadIndex                            
20000cd4  UARTA0WriteIndex                           
20000cd8  UARTA2ReadIndex                            
20000cdc  UARTA2WriteIndex                           
20000ce0  cal30                                      
20000ce4  cal85                                      
20000ce8  calDifference                              
20000cec  Lcd_TouchTrim                              
20000cee  conRes                                     
20000cf0  Lcd_Orientation                            
20000cf1  Lcd_PenSolid                               
20000cf2  flagTemp                                   
20000cf4  myPage                                     
20000cf8  XaxisPrev                                  
20000cfc  YaxisPrev                                  
20000d00  Ycounter                                   
20000d04  selectSpeed                                
20000d08  selectDist                                 
20000d0c  selectWheel                                
20000d10  selectTemp                                 
20000d14  metres                                     
20000d18  miles                                      
20000d1c  fahrenheit                                 
20000d20  ms                                         
20000d24  mih                                        
20000d28  UART0Config                                
20000d50  SPI0MasterConfig                           
20000d6c  upConfig                                   
20000d84  g_sCrystalfontz128x128                     
20000d94  GPX_HEADER                                 
20000d98  GPX_TRACK_POINT                            
20000d9c  GPX_METADATA                               
20000da0  TIMER_A0_CB                                
20000da4  TIMER_A1_CB                                
20000da8  instSpeed                                  
20000db0  multipleData                               
20000db8  tripTime                                   
20000dc0  errno                                      
20000dc8  SystemCoreClock                            
20000dcc  computerState                              
20000dcd  btnStartStateP                             
20000dce  btnStopStateP                              
20000dcf  gpsStringEnd                               
2000fe00  __stack                                    
20010000  __STACK_END                                
4000480c  WDTCTL_SYM                                 
ffffffff  __TI_pprof_out_hndl                        
ffffffff  __TI_prof_data_size                        
ffffffff  __TI_prof_data_start                       
ffffffff  __binit__                                  
ffffffff  __c_args__                                 
ffffffff  binit                                      
UNDEFED   __mpu_init                                 
UNDEFED   _system_post_cinit                         

[363 symbols]
